Archive member included to satisfy reference by file (symbol)

C:/Users/Cristiano/.pico-sdk/toolchain/14_2_Rel1/bin/../lib/gcc/arm-none-eabi/14.2.1/thumb/v6-m/nofp\libgcc.a(_dvmd_tls.o)
                              CMakeFiles/retrolink.dir/C_/Users/Cristiano/.pico-sdk/sdk/2.2.0/src/rp2_common/pico_divider/divider_hardware.S.obj (__aeabi_idiv0)
C:/Users/Cristiano/.pico-sdk/toolchain/14_2_Rel1/bin/../lib/gcc/arm-none-eabi/14.2.1/thumb/v6-m/nofp\libg.a(libc_a-calloc.o)
                              CMakeFiles/retrolink.dir/C_/Users/Cristiano/.pico-sdk/sdk/2.2.0/src/rp2_common/pico_malloc/malloc.c.obj (calloc)
C:/Users/Cristiano/.pico-sdk/toolchain/14_2_Rel1/bin/../lib/gcc/arm-none-eabi/14.2.1/thumb/v6-m/nofp\libg.a(libc_a-callocr.o)
                              C:/Users/Cristiano/.pico-sdk/toolchain/14_2_Rel1/bin/../lib/gcc/arm-none-eabi/14.2.1/thumb/v6-m/nofp\libg.a(libc_a-calloc.o) (_calloc_r)
C:/Users/Cristiano/.pico-sdk/toolchain/14_2_Rel1/bin/../lib/gcc/arm-none-eabi/14.2.1/thumb/v6-m/nofp\libg.a(libc_a-malloc.o)
                              CMakeFiles/retrolink.dir/C_/Users/Cristiano/.pico-sdk/sdk/2.2.0/src/rp2_common/pico_malloc/malloc.c.obj (malloc)
C:/Users/Cristiano/.pico-sdk/toolchain/14_2_Rel1/bin/../lib/gcc/arm-none-eabi/14.2.1/thumb/v6-m/nofp\libg.a(libc_a-mallocr.o)
                              C:/Users/Cristiano/.pico-sdk/toolchain/14_2_Rel1/bin/../lib/gcc/arm-none-eabi/14.2.1/thumb/v6-m/nofp\libg.a(libc_a-callocr.o) (_malloc_r)
C:/Users/Cristiano/.pico-sdk/toolchain/14_2_Rel1/bin/../lib/gcc/arm-none-eabi/14.2.1/thumb/v6-m/nofp\libg.a(libc_a-mlock.o)
                              C:/Users/Cristiano/.pico-sdk/toolchain/14_2_Rel1/bin/../lib/gcc/arm-none-eabi/14.2.1/thumb/v6-m/nofp\libg.a(libc_a-mallocr.o) (__malloc_lock)
C:/Users/Cristiano/.pico-sdk/toolchain/14_2_Rel1/bin/../lib/gcc/arm-none-eabi/14.2.1/thumb/v6-m/nofp\libg.a(libc_a-realloc.o)
                              CMakeFiles/retrolink.dir/C_/Users/Cristiano/.pico-sdk/sdk/2.2.0/src/rp2_common/pico_malloc/malloc.c.obj (realloc)
C:/Users/Cristiano/.pico-sdk/toolchain/14_2_Rel1/bin/../lib/gcc/arm-none-eabi/14.2.1/thumb/v6-m/nofp\libg.a(libc_a-reallocr.o)
                              C:/Users/Cristiano/.pico-sdk/toolchain/14_2_Rel1/bin/../lib/gcc/arm-none-eabi/14.2.1/thumb/v6-m/nofp\libg.a(libc_a-realloc.o) (_realloc_r)
C:/Users/Cristiano/.pico-sdk/toolchain/14_2_Rel1/bin/../lib/gcc/arm-none-eabi/14.2.1/thumb/v6-m/nofp\libg.a(libc_a-memcmp.o)
                              CMakeFiles/retrolink.dir/C_/Users/Cristiano/.pico-sdk/sdk/2.2.0/src/rp2_common/pico_atomic/atomic.c.obj (memcmp)
C:/Users/Cristiano/.pico-sdk/toolchain/14_2_Rel1/bin/../lib/gcc/arm-none-eabi/14.2.1/thumb/v6-m/nofp\libg.a(libc_a-memmove.o)
                              C:/Users/Cristiano/.pico-sdk/toolchain/14_2_Rel1/bin/../lib/gcc/arm-none-eabi/14.2.1/thumb/v6-m/nofp\libg.a(libc_a-reallocr.o) (memmove)
C:/Users/Cristiano/.pico-sdk/toolchain/14_2_Rel1/bin/../lib/gcc/arm-none-eabi/14.2.1/thumb/v6-m/nofp\libg.a(libc_a-lcltime_r.o)
                              CMakeFiles/retrolink.dir/C_/Users/Cristiano/.pico-sdk/sdk/2.2.0/src/common/pico_util/datetime.c.obj (localtime_r)
C:/Users/Cristiano/.pico-sdk/toolchain/14_2_Rel1/bin/../lib/gcc/arm-none-eabi/14.2.1/thumb/v6-m/nofp\libg.a(libc_a-mktime.o)
                              CMakeFiles/retrolink.dir/C_/Users/Cristiano/.pico-sdk/sdk/2.2.0/src/common/pico_util/datetime.c.obj (mktime)
C:/Users/Cristiano/.pico-sdk/toolchain/14_2_Rel1/bin/../lib/gcc/arm-none-eabi/14.2.1/thumb/v6-m/nofp\libg.a(libc_a-month_lengths.o)
                              C:/Users/Cristiano/.pico-sdk/toolchain/14_2_Rel1/bin/../lib/gcc/arm-none-eabi/14.2.1/thumb/v6-m/nofp\libg.a(libc_a-lcltime_r.o) (__month_lengths)
C:/Users/Cristiano/.pico-sdk/toolchain/14_2_Rel1/bin/../lib/gcc/arm-none-eabi/14.2.1/thumb/v6-m/nofp\libg.a(libc_a-tzcalc_limits.o)
                              C:/Users/Cristiano/.pico-sdk/toolchain/14_2_Rel1/bin/../lib/gcc/arm-none-eabi/14.2.1/thumb/v6-m/nofp\libg.a(libc_a-lcltime_r.o) (__tzcalc_limits)
C:/Users/Cristiano/.pico-sdk/toolchain/14_2_Rel1/bin/../lib/gcc/arm-none-eabi/14.2.1/thumb/v6-m/nofp\libg.a(libc_a-tzlock.o)
                              C:/Users/Cristiano/.pico-sdk/toolchain/14_2_Rel1/bin/../lib/gcc/arm-none-eabi/14.2.1/thumb/v6-m/nofp\libg.a(libc_a-lcltime_r.o) (__tz_lock)
C:/Users/Cristiano/.pico-sdk/toolchain/14_2_Rel1/bin/../lib/gcc/arm-none-eabi/14.2.1/thumb/v6-m/nofp\libg.a(libc_a-tzset.o)
                              C:/Users/Cristiano/.pico-sdk/toolchain/14_2_Rel1/bin/../lib/gcc/arm-none-eabi/14.2.1/thumb/v6-m/nofp\libg.a(libc_a-lcltime_r.o) (_tzset_unlocked)
C:/Users/Cristiano/.pico-sdk/toolchain/14_2_Rel1/bin/../lib/gcc/arm-none-eabi/14.2.1/thumb/v6-m/nofp\libg.a(libc_a-tzset_r.o)
                              C:/Users/Cristiano/.pico-sdk/toolchain/14_2_Rel1/bin/../lib/gcc/arm-none-eabi/14.2.1/thumb/v6-m/nofp\libg.a(libc_a-tzset.o) (_tzset_unlocked_r)
[...]
Memory Configuration

Name             Origin             Length             Attributes
FLASH            0x10000000         0x00200000         xr
RAM              0x20000000         0x00040000         xrw
SCRATCH_X        0x20040000         0x00001000         xrw
SCRATCH_Y        0x20041000         0x00001000         xrw
*default*        0x00000000         0xffffffff

Linker script and memory map

LOAD C:/Users/Cristiano/.pico-sdk/toolchain/14_2_Rel1/bin/../lib/gcc/arm-none-eabi/14.2.1/thumb/v6-m/nofp/crti.o
LOAD C:/Users/Cristiano/.pico-sdk/toolchain/14_2_Rel1/bin/../lib/gcc/arm-none-eabi/14.2.1/thumb/v6-m/nofp/crtbegin.o
LOAD C:/Users/Cristiano/.pico-sdk/toolchain/14_2_Rel1/bin/../lib/gcc/arm-none-eabi/14.2.1/thumb/v6-m/nofp/crt0.o

.flash_begin    0x10000000        0x0
                0x10000000                        __flash_binary_start = .

.boot2          0x10000000      0x100
                0x10000000                        __boot2_start__ = .
 *(.boot2)
 .boot2         0x10000000      0x100 pico-sdk/src/rp2040/boot_stage2/CMakeFiles/bs2_default_library.dir/./bs2_default_padded_checksummed.S.obj
                0x10000100                        __boot2_end__ = .
                0x00000001                        ASSERT (((__boot2_end__ - __boot2_start__) == 0x100), ERROR: Pico second stage bootloader must be 256 bytes in size)

.text           0x10000100     0x8b2c
                0x10000100                        __logical_binary_start = .
 *(.vectors)
 .vectors       0x10000100       0xd4 CMakeFiles/retrolink.dir/C_/Users/Cristiano/.pico-sdk/sdk/2.2.0/src/rp2_common/pico_crt0/crt0.S.obj
                0x10000100                __VECTOR_TABLE
                0x10000100                __vectors
                0x100001c0                isr_irq13
                0x100001c0                isr_irq27
                0x100001c0                isr_irq31
                0x100001c0                isr_irq12
                0x100001c0                isr_irq5
                0x100001c0                isr_irq11
                0x100001c0                isr_irq3
                0x100001c0                isr_irq23
                0x100001c0                __unhandled_user_irq
                0x100001c0                isr_irq26
                0x100001c0                isr_irq28
                0x100001c0                isr_irq19
                0x100001c0                isr_irq0
                0x100001c0                isr_irq6
                0x100001c0                isr_irq29
                0x100001c0                isr_irq16
                0x100001c0                isr_irq22
                0x100001c0                isr_irq18
                0x100001c0                isr_irq17
                0x100001c0                isr_irq14
                0x100001c0                __vectors_end
                0x100001c0                __default_isrs_start
                0x100001c0                isr_irq2
                0x100001c0                isr_irq10
                0x100001c0                isr_irq8
                0x100001c0                isr_irq24
                0x100001c0                isr_irq1
                0x100001c0                isr_irq7
                0x100001c0                isr_irq21
                0x100001c0                isr_irq20
                0x100001c0                isr_irq15
                0x100001c0                isr_irq25
                0x100001c0                isr_irq4
                0x100001c0                isr_irq30
                0x100001c0                isr_irq9
                0x100001c6                unhandled_user_irq_num_in_r0
                0x100001c8                isr_invalid
                0x100001ca                isr_nmi
                0x100001cc                isr_hardfault
                0x100001ce                isr_svcall
                0x100001d0                isr_pendsv
                0x100001d2                isr_systick
                0x100001d4                __default_isrs_end
 *(.binary_info_header)
 .binary_info_header
                0x100001d4       0x14 CMakeFiles/retrolink.dir/C_/Users/Cristiano/.pico-sdk/sdk/2.2.0/src/rp2_common/pico_crt0/crt0.S.obj
                0x100001e8                        __binary_info_header_end = .
 *(.embedded_block)
                0x100001e8                        __embedded_block_end = .
 *(.reset)
 .reset         0x100001e8       0x9c CMakeFiles/retrolink.dir/C_/Users/Cristiano/.pico-sdk/sdk/2.2.0/src/rp2_common/pico_crt0/crt0.S.obj
                0x100001e8                _entry_point
 *(.init)
 .init          0x10000284        0x4 C:/Users/Cristiano/.pico-sdk/toolchain/14_2_Rel1/bin/../lib/gcc/arm-none-eabi/14.2.1/thumb/v6-m/nofp/crti.o
                0x10000284                _init
 *(EXCLUDE_FILE(*libm.a: *libc.a:*lib_a-mem*.o *libgcc.a:) .text*)
 .text.register_tm_clones
                0x10000288       0x28 C:/Users/Cristiano/.pico-sdk/toolchain/14_2_Rel1/bin/../lib/gcc/arm-none-eabi/14.2.1/thumb/v6-m/nofp/crtbegin.o
 .text.frame_dummy
                0x100002b0       0x24 C:/Users/Cristiano/.pico-sdk/toolchain/14_2_Rel1/bin/../lib/gcc/arm-none-eabi/14.2.1/thumb/v6-m/nofp/crtbegin.o
 .text.startup.main
                0x100002d4       0x24 CMakeFiles/retrolink.dir/src/main.c.obj
                0x100002d4                main
 .text.status_led_init
                0x100002f8       0xd4 CMakeFiles/retrolink.dir/src/status_led.c.obj
                0x100002f8                status_led_init
 .text.status_led_task
                0x100003cc       0x54 CMakeFiles/retrolink.dir/src/status_led.c.obj
                0x100003cc                status_led_task
 .text.status_led_pulse
                0x10000420       0x58 CMakeFiles/retrolink.dir/src/status_led.c.obj
                0x10000420                status_led_pulse
 .text.claim_slot
                0x10000478      0x1a4 CMakeFiles/retrolink.dir/src/usb_host.c.obj
 .text.usb_host_init
                0x1000061c        0xc CMakeFiles/retrolink.dir/src/usb_host.c.obj
                0x1000061c                usb_host_init
 .text.usb_host_task
                0x10000628        0x4 CMakeFiles/retrolink.dir/src/usb_host.c.obj
                0x10000628                usb_host_task
 .text.tuh_hid_mount_cb
                0x1000062c       0x14 CMakeFiles/retrolink.dir/src/usb_host.c.obj
                0x1000062c                tuh_hid_mount_cb
 .text.tuh_hid_umount_cb
                0x10000640      0x10c CMakeFiles/retrolink.dir/src/usb_host.c.obj
                0x10000640                tuh_hid_umount_cb
 .text.tuh_hid_report_received_cb
                0x1000074c      0x14c CMakeFiles/retrolink.dir/src/usb_host.c.obj
                0x1000074c                tuh_hid_report_received_cb
 .text.gpio_set_function
                0x10000898       0x34 CMakeFiles/retrolink.dir/C_/Users/Cristiano/.pico-sdk/sdk/2.2.0/src/rp2_common/hardware_gpio/gpio.c.obj
                0x10000898                gpio_set_function
 .text.gpio_set_pulls
                0x100008cc       0x28 CMakeFiles/retrolink.dir/C_/Users/Cristiano/.pico-sdk/sdk/2.2.0/src/rp2_common/hardware_gpio/gpio.c.obj
                0x100008cc                gpio_set_pulls
 .text.gpio_set_inover
                0x100008f4       0x24 CMakeFiles/retrolink.dir/C_/Users/Cristiano/.pico-sdk/sdk/2.2.0/src/rp2_common/hardware_gpio/gpio.c.obj
                0x100008f4                gpio_set_inover
 .text.gpio_set_outover
                0x10000918       0x24 CMakeFiles/retrolink.dir/C_/Users/Cristiano/.pico-sdk/sdk/2.2.0/src/rp2_common/hardware_gpio/gpio.c.obj
                0x10000918                gpio_set_outover
 .text.gpio_set_oeover
                0x1000093c       0x24 CMakeFiles/retrolink.dir/C_/Users/Cristiano/.pico-sdk/sdk/2.2.0/src/rp2_common/hardware_gpio/gpio.c.obj
                0x1000093c                gpio_set_oeover
 .text.gpio_set_slew_rate
                0x10000960       0x20 CMakeFiles/retrolink.dir/C_/Users/Cristiano/.pico-sdk/sdk/2.2.0/src/rp2_common/hardware_gpio/gpio.c.obj
                0x10000960                gpio_set_slew_rate
 .text.gpio_set_drive_strength
                0x10000980       0x24 CMakeFiles/retrolink.dir/C_/Users/Cristiano/.pico-sdk/sdk/2.2.0/src/rp2_common/hardware_gpio/gpio.c.obj
                0x10000980                gpio_set_drive_strength
 .text.panic    0x100009a4       0x30 CMakeFiles/retrolink.dir/C_/Users/Cristiano/.pico-sdk/sdk/2.2.0/src/rp2_common/pico_platform_panic/panic.c.obj
                0x100009a4                panic
 .text.hw_claim_lock
                0x100009d4       0x18 CMakeFiles/retrolink.dir/C_/Users/Cristiano/.pico-sdk/sdk/2.2.0/src/common/hardware_claim/claim.c.obj
                0x100009d4                hw_claim_lock
 .text.hw_claim_unlock
                0x100009ec       0x14 CMakeFiles/retrolink.dir/C_/Users/Cristiano/.pico-sdk/sdk/2.2.0/src/common/hardware_claim/claim.c.obj
                0x100009ec                hw_claim_unlock
 .text.hw_claim_or_assert
                0x10000a00       0x44 CMakeFiles/retrolink.dir/C_/Users/Cristiano/.pico-sdk/sdk/2.2.0/src/common/hardware_claim/claim.c.obj
                0x10000a00                hw_claim_or_assert
 .text.hw_claim_unused_from_range
                0x10000a44       0x88 CMakeFiles/retrolink.dir/C_/Users/Cristiano/.pico-sdk/sdk/2.2.0/src/common/hardware_claim/claim.c.obj
                0x10000a44                hw_claim_unused_from_range
 .text.next_striped_spin_lock_num
                0x10000acc       0x18 CMakeFiles/retrolink.dir/C_/Users/Cristiano/.pico-sdk/sdk/2.2.0/src/rp2_common/hardware_sync/sync.c.obj
                0x10000acc                next_striped_spin_lock_num
 .text.spin_lock_claim_unused
                0x10000ae4       0x24 CMakeFiles/retrolink.dir/C_/Users/Cristiano/.pico-sdk/sdk/2.2.0/src/rp2_common/hardware_sync/sync.c.obj
                0x10000ae4                spin_lock_claim_unused
 .text.spin_locks_reset
                0x10000b08       0x1c CMakeFiles/retrolink.dir/C_/Users/Cristiano/.pico-sdk/sdk/2.2.0/src/rp2_common/hardware_sync_spin_lock/sync_spin_lock.c.obj
                0x10000b08                spin_locks_reset
 .text.runtime_init_per_core_irq_priorities
                0x10000b24       0x24 CMakeFiles/retrolink.dir/C_/Users/Cristiano/.pico-sdk/sdk/2.2.0/src/rp2_common/hardware_irq/irq.c.obj
                0x10000b24                runtime_init_per_core_irq_priorities
 .text.irq_set_enabled
                0x10000b48       0x24 CMakeFiles/retrolink.dir/C_/Users/Cristiano/.pico-sdk/sdk/2.2.0/src/rp2_common/hardware_irq/irq.c.obj
                0x10000b48                irq_set_enabled
 .text.irq_set_exclusive_handler
                0x10000b6c       0x54 CMakeFiles/retrolink.dir/C_/Users/Cristiano/.pico-sdk/sdk/2.2.0/src/rp2_common/hardware_irq/irq.c.obj
                0x10000b6c                irq_set_exclusive_handler
 .text.irq_remove_handler
                0x10000bc0      0x1d4 CMakeFiles/retrolink.dir/C_/Users/Cristiano/.pico-sdk/sdk/2.2.0/src/rp2_common/hardware_irq/irq.c.obj
                0x10000bc0                irq_remove_handler
 .text.irq_add_tail_to_free_list
                0x10000d94       0xb4 CMakeFiles/retrolink.dir/C_/Users/Cristiano/.pico-sdk/sdk/2.2.0/src/rp2_common/hardware_irq/irq.c.obj
                0x10000d94                irq_add_tail_to_free_list
 .text.lock_init
                0x10000e48       0x10 CMakeFiles/retrolink.dir/C_/Users/Cristiano/.pico-sdk/sdk/2.2.0/src/common/pico_sync/lock_core.c.obj
                0x10000e48                lock_init
 .text.runtime_init_mutex
                0x10000e58       0x50 CMakeFiles/retrolink.dir/C_/Users/Cristiano/.pico-sdk/sdk/2.2.0/src/common/pico_sync/mutex.c.obj
                0x10000e58                runtime_init_mutex
 .text.mutex_init
                0x10000ea8       0x1c CMakeFiles/retrolink.dir/C_/Users/Cristiano/.pico-sdk/sdk/2.2.0/src/common/pico_sync/mutex.c.obj
                0x10000ea8                mutex_init
 .text.critical_section_init
                0x10000ec4       0x1c CMakeFiles/retrolink.dir/C_/Users/Cristiano/.pico-sdk/sdk/2.2.0/src/common/pico_sync/critical_section.c.obj
                0x10000ec4                critical_section_init
 .text.sleep_until_callback
                0x10000ee0       0x30 CMakeFiles/retrolink.dir/C_/Users/Cristiano/.pico-sdk/sdk/2.2.0/src/common/pico_time/time.c.obj
 .text.alarm_pool_irq_handler
                0x10000f10      0x300 CMakeFiles/retrolink.dir/C_/Users/Cristiano/.pico-sdk/sdk/2.2.0/src/common/pico_time/time.c.obj
 .text.runtime_init_default_alarm_pool
                0x10001210       0xdc CMakeFiles/retrolink.dir/C_/Users/Cristiano/.pico-sdk/sdk/2.2.0/src/common/pico_time/time.c.obj
                0x10001210                runtime_init_default_alarm_pool
 .text.alarm_pool_create_on_timer
                0x100012ec       0xb4 CMakeFiles/retrolink.dir/C_/Users/Cristiano/.pico-sdk/sdk/2.2.0/src/common/pico_time/time.c.obj
                0x100012ec                alarm_pool_create_on_timer
 .text.alarm_pool_add_alarm_at_force_in_context
                0x100013a0       0xb0 CMakeFiles/retrolink.dir/C_/Users/Cristiano/.pico-sdk/sdk/2.2.0/src/common/pico_time/time.c.obj
                0x100013a0                alarm_pool_add_alarm_at_force_in_context
 .text.alarm_pool_cancel_alarm
                0x10001450       0x74 CMakeFiles/retrolink.dir/C_/Users/Cristiano/.pico-sdk/sdk/2.2.0/src/common/pico_time/time.c.obj
                0x10001450                alarm_pool_cancel_alarm
 .text.sleep_ms
                0x100014c4       0xfc CMakeFiles/retrolink.dir/C_/Users/Cristiano/.pico-sdk/sdk/2.2.0/src/common/pico_time/time.c.obj
                0x100014c4                sleep_ms
 .text.best_effort_wfe_or_timeout
                0x100015c0      0x10c CMakeFiles/retrolink.dir/C_/Users/Cristiano/.pico-sdk/sdk/2.2.0/src/common/pico_time/time.c.obj
                0x100015c0                best_effort_wfe_or_timeout
 .text.alarm_pool_add_repeating_timer_us
                0x100016cc      0x124 CMakeFiles/retrolink.dir/C_/Users/Cristiano/.pico-sdk/sdk/2.2.0/src/common/pico_time/time.c.obj
                0x100016cc                alarm_pool_add_repeating_timer_us
 .text.alarm_pool_get_default_timer
                0x100017f0        0x8 CMakeFiles/retrolink.dir/C_/Users/Cristiano/.pico-sdk/sdk/2.2.0/src/common/pico_time/time.c.obj
                0x100017f0                alarm_pool_get_default_timer
 .text.timer_hardware_alarm_claim
                0x100017f8       0x14 CMakeFiles/retrolink.dir/C_/Users/Cristiano/.pico-sdk/sdk/2.2.0/src/rp2_common/hardware_timer/timer.c.obj
                0x100017f8                timer_hardware_alarm_claim
 .text.timer_time_us_64
                0x1000180c       0x10 CMakeFiles/retrolink.dir/C_/Users/Cristiano/.pico-sdk/sdk/2.2.0/src/rp2_common/hardware_timer/timer.c.obj
                0x1000180c                timer_time_us_64
 .text.time_us_64
                0x1000181c       0x14 CMakeFiles/retrolink.dir/C_/Users/Cristiano/.pico-sdk/sdk/2.2.0/src/rp2_common/hardware_timer/timer.c.obj
                0x1000181c                time_us_64
 .text.busy_wait_us
                0x10001830       0x68 CMakeFiles/retrolink.dir/C_/Users/Cristiano/.pico-sdk/sdk/2.2.0/src/rp2_common/hardware_timer/timer.c.obj
                0x10001830                busy_wait_us
 .text.busy_wait_ms
                0x10001898       0x9c CMakeFiles/retrolink.dir/C_/Users/Cristiano/.pico-sdk/sdk/2.2.0/src/rp2_common/hardware_timer/timer.c.obj
                0x10001898                busy_wait_ms
 .text.busy_wait_until
                0x10001934       0x20 CMakeFiles/retrolink.dir/C_/Users/Cristiano/.pico-sdk/sdk/2.2.0/src/rp2_common/hardware_timer/timer.c.obj
                0x10001934                busy_wait_until
 .text.uart_init
                0x10001954      0x120 CMakeFiles/retrolink.dir/C_/Users/Cristiano/.pico-sdk/sdk/2.2.0/src/rp2_common/hardware_uart/uart.c.obj
                0x10001954                uart_init
 .text.clock_configure_int_divider
                0x10001a74       0xf4 CMakeFiles/retrolink.dir/C_/Users/Cristiano/.pico-sdk/sdk/2.2.0/src/rp2_common/hardware_clocks/clocks.c.obj
                0x10001a74                clock_configure_int_divider
 .text.clock_configure_undivided
                0x10001b68       0xe8 CMakeFiles/retrolink.dir/C_/Users/Cristiano/.pico-sdk/sdk/2.2.0/src/rp2_common/hardware_clocks/clocks.c.obj
                0x10001b68                clock_configure_undivided
 .text.clock_get_hz
                0x10001c50        0xc CMakeFiles/retrolink.dir/C_/Users/Cristiano/.pico-sdk/sdk/2.2.0/src/rp2_common/hardware_clocks/clocks.c.obj
                0x10001c50                clock_get_hz
 .text.pll_init
                0x10001c5c       0xa4 CMakeFiles/retrolink.dir/C_/Users/Cristiano/.pico-sdk/sdk/2.2.0/src/rp2_common/hardware_pll/pll.c.obj
                0x10001c5c                pll_init
 .text.tick_start
                0x10001d00       0x10 CMakeFiles/retrolink.dir/C_/Users/Cristiano/.pico-sdk/sdk/2.2.0/src/rp2_common/hardware_ticks/ticks.c.obj
                0x10001d00                tick_start
 .text.rom_func_lookup
                0x10001d10       0x10 CMakeFiles/retrolink.dir/C_/Users/Cristiano/.pico-sdk/sdk/2.2.0/src/rp2_common/pico_bootrom/bootrom.c.obj
                0x10001d10                rom_func_lookup
 .text.rom_data_lookup
                0x10001d20       0x10 CMakeFiles/retrolink.dir/C_/Users/Cristiano/.pico-sdk/sdk/2.2.0/src/rp2_common/pico_bootrom/bootrom.c.obj
                0x10001d20                rom_data_lookup
 .text.rom_funcs_lookup
                0x10001d30       0x44 CMakeFiles/retrolink.dir/C_/Users/Cristiano/.pico-sdk/sdk/2.2.0/src/rp2_common/pico_bootrom/bootrom.c.obj
                0x10001d30                rom_funcs_lookup
 .text.xosc_init
                0x10001d74       0x28 CMakeFiles/retrolink.dir/C_/Users/Cristiano/.pico-sdk/sdk/2.2.0/src/rp2_common/hardware_xosc/xosc.c.obj
                0x10001d74                xosc_init
 .text.first_per_core_initializer
                0x10001d9c        0x4 CMakeFiles/retrolink.dir/C_/Users/Cristiano/.pico-sdk/sdk/2.2.0/src/rp2_common/pico_runtime/runtime.c.obj
 .text.hard_assertion_failure
                0x10001da0        0xc CMakeFiles/retrolink.dir/C_/Users/Cristiano/.pico-sdk/sdk/2.2.0/src/rp2_common/pico_runtime/runtime.c.obj
                0x10001da0                hard_assertion_failure
 .text.runtime_run_initializers
                0x10001dac       0x28 CMakeFiles/retrolink.dir/C_/Users/Cristiano/.pico-sdk/sdk/2.2.0/src/rp2_common/pico_runtime/runtime.c.obj
                0x10001dac                runtime_run_initializers
 .text.runtime_init_early_resets
                0x10001dd4       0x2c CMakeFiles/retrolink.dir/C_/Users/Cristiano/.pico-sdk/sdk/2.2.0/src/rp2_common/pico_runtime_init/runtime_init.c.obj
                0x10001dd4                runtime_init_early_resets
 .text.runtime_init_usb_power_down
                0x10001e00       0x1c CMakeFiles/retrolink.dir/C_/Users/Cristiano/.pico-sdk/sdk/2.2.0/src/rp2_common/pico_runtime_init/runtime_init.c.obj
                0x10001e00                runtime_init_usb_power_down
 .text.runtime_init_post_clock_resets
                0x10001e1c       0x20 CMakeFiles/retrolink.dir/C_/Users/Cristiano/.pico-sdk/sdk/2.2.0/src/rp2_common/pico_runtime_init/runtime_init.c.obj
                0x10001e1c                runtime_init_post_clock_resets
 .text.runtime_init_rp2040_gpio_ie_disable
                0x10001e3c       0x14 CMakeFiles/retrolink.dir/C_/Users/Cristiano/.pico-sdk/sdk/2.2.0/src/rp2_common/pico_runtime_init/runtime_init.c.obj
                0x10001e3c                runtime_init_rp2040_gpio_ie_disable
 .text.runtime_init_spin_locks_reset
                0x10001e50        0x8 CMakeFiles/retrolink.dir/C_/Users/Cristiano/.pico-sdk/sdk/2.2.0/src/rp2_common/pico_runtime_init/runtime_init.c.obj
                0x10001e50                runtime_init_spin_locks_reset
 .text.runtime_init_install_ram_vector_table
                0x10001e58       0xb4 CMakeFiles/retrolink.dir/C_/Users/Cristiano/.pico-sdk/sdk/2.2.0/src/rp2_common/pico_runtime_init/runtime_init.c.obj
                0x10001e58                runtime_init_install_ram_vector_table
 .text.runtime_init_clocks
                0x10001f0c       0xd8 CMakeFiles/retrolink.dir/C_/Users/Cristiano/.pico-sdk/sdk/2.2.0/src/rp2_common/pico_runtime_init/runtime_init_clocks.c.obj
                0x10001f0c                runtime_init_clocks
 .text          0x10001fe4       0x10 CMakeFiles/retrolink.dir/C_/Users/Cristiano/.pico-sdk/sdk/2.2.0/src/rp2_common/pico_bit_ops/bit_ops_aeabi.S.obj
 .text.ctzsi    0x10001ff4        0xc CMakeFiles/retrolink.dir/C_/Users/Cristiano/.pico-sdk/sdk/2.2.0/src/rp2_common/pico_bit_ops/bit_ops_aeabi.S.obj
                0x10001ff4                __wrap___ctzsi2
 .text.__wrap___aeabi_idiv
                0x10002000       0x50 CMakeFiles/retrolink.dir/C_/Users/Cristiano/.pico-sdk/sdk/2.2.0/src/rp2_common/pico_divider/divider_hardware.S.obj
                0x10002000                __wrap___aeabi_idivmod
                0x10002000                divmod_s32s32
                0x10002000                div_s32s32
                0x10002000                __wrap___aeabi_idiv
                0x10002008                divmod_s32s32_unsafe
                0x10002034                divmod_s32s32_savestate
 .text.__wrap___aeabi_uidiv
                0x10002050       0x4c CMakeFiles/retrolink.dir/C_/Users/Cristiano/.pico-sdk/sdk/2.2.0/src/rp2_common/pico_divider/divider_hardware.S.obj
                0x10002050                __wrap___aeabi_uidiv
                0x10002050                __wrap___aeabi_uidivmod
                0x10002050                div_u32u32
                0x10002050                divmod_u32u32
                0x10002058                divmod_u32u32_unsafe
                0x10002080                divmod_u32u32_savestate
 .text.__wrap___aeabi_ldiv
                0x1000209c      0x424 CMakeFiles/retrolink.dir/C_/Users/Cristiano/.pico-sdk/sdk/2.2.0/src/rp2_common/pico_divider/divider_hardware.S.obj
                0x1000209c                div_s64s64
                0x1000209c                divmod_s64s64
                0x1000209c                __wrap___aeabi_ldivmod
                0x100020cc                divmod_u64u64
                0x100020cc                div_u64u64
                0x100020cc                __wrap___aeabi_uldivmod
                0x100020dc                divmod_u64u64_savestate
                0x100020fc                divmod_s64s64_unsafe
                0x10002184                divmod_u64u64_unsafe
 .text.__wrap___aeabi_darithmetic
                0x100024c0       0x80 CMakeFiles/retrolink.dir/C_/Users/Cristiano/.pico-sdk/sdk/2.2.0/src/rp2_common/pico_double/double_aeabi_rp2040.S.obj
                0x100024c0                __wrap___aeabi_drsub
                0x100024c6                __wrap___aeabi_dsub
                0x100024d8                __wrap___aeabi_dadd
                0x100024ea                __wrap___aeabi_ddiv
                0x10002526                __wrap___aeabi_dmul
 .text.__wrap___aeabi_cdcmple
                0x10002540       0x6c CMakeFiles/retrolink.dir/C_/Users/Cristiano/.pico-sdk/sdk/2.2.0/src/rp2_common/pico_double/double_aeabi_rp2040.S.obj
                0x10002540                __wrap___aeabi_cdrcmple
                0x10002550                __wrap___aeabi_cdcmpeq
                0x10002550                __wrap___aeabi_cdcmple
 .text.__wrap___aeabi_dcmplt
                0x100025ac        0xc CMakeFiles/retrolink.dir/C_/Users/Cristiano/.pico-sdk/sdk/2.2.0/src/rp2_common/pico_double/double_aeabi_rp2040.S.obj
                0x100025ac                __wrap___aeabi_dcmplt
 .text.__wrap___aeabi_dcmple
                0x100025b8       0x10 CMakeFiles/retrolink.dir/C_/Users/Cristiano/.pico-sdk/sdk/2.2.0/src/rp2_common/pico_double/double_aeabi_rp2040.S.obj
                0x100025b8                __wrap___aeabi_dcmple
 .text.__wrap___aeabi_dcmpge
                0x100025c8       0x10 CMakeFiles/retrolink.dir/C_/Users/Cristiano/.pico-sdk/sdk/2.2.0/src/rp2_common/pico_double/double_aeabi_rp2040.S.obj
                0x100025c8                __wrap___aeabi_dcmpge
 .text.__wrap___aeabi_dcmpgt
                0x100025d8        0xa CMakeFiles/retrolink.dir/C_/Users/Cristiano/.pico-sdk/sdk/2.2.0/src/rp2_common/pico_double/double_aeabi_rp2040.S.obj
                0x100025d8                __wrap___aeabi_dcmpgt
 .text.__wrap___aeabi_dcmpun
                0x100025e2       0x18 CMakeFiles/retrolink.dir/C_/Users/Cristiano/.pico-sdk/sdk/2.2.0/src/rp2_common/pico_double/double_aeabi_rp2040.S.obj
                0x100025e2                __wrap___aeabi_dcmpun
 *fill*         0x100025fa        0x2 
 .text.__wrap___aeabi_i2d
                0x100025fc       0x38 CMakeFiles/retrolink.dir/C_/Users/Cristiano/.pico-sdk/sdk/2.2.0/src/rp2_common/pico_double/double_aeabi_rp2040.S.obj
                0x100025fc                uint2double
                0x100025fc                __wrap___aeabi_ui2d
                0x10002604                int2double
                0x10002604                __wrap___aeabi_i2d
 .text.__wrap___aeabi_d2iz
                0x10002634       0x48 CMakeFiles/retrolink.dir/C_/Users/Cristiano/.pico-sdk/sdk/2.2.0/src/rp2_common/pico_double/double_aeabi_rp2040.S.obj
                0x10002634                double2int_z
                0x10002634                __wrap___aeabi_d2iz
 .text.__wrap___aeabi_d2uiz
                0x1000267c       0x18 CMakeFiles/retrolink.dir/C_/Users/Cristiano/.pico-sdk/sdk/2.2.0/src/rp2_common/pico_double/double_aeabi_rp2040.S.obj
                0x1000267c                double2uint
                0x1000267c                __wrap___aeabi_d2uiz
                0x1000267c                double2uint_z
 .text.__aeabi_double_init
                0x10002694       0xa4 CMakeFiles/retrolink.dir/C_/Users/Cristiano/.pico-sdk/sdk/2.2.0/src/rp2_common/pico_double/double_init_rom_rp2040.c.obj
                0x10002694                __aeabi_double_init
 .text.double_table_shim_on_use_helper
                0x10002738       0x2c CMakeFiles/retrolink.dir/C_/Users/Cristiano/.pico-sdk/sdk/2.2.0/src/rp2_common/pico_double/double_v1_rom_shim_rp2040.S.obj
                0x10002738                double_table_shim_on_use_helper
 .text.__wrap___aeabi_dsub
                0x10002764       0x10 CMakeFiles/retrolink.dir/C_/Users/Cristiano/.pico-sdk/sdk/2.2.0/src/rp2_common/pico_double/double_v1_rom_shim_rp2040.S.obj
                0x10002764                drsub_shim
                0x1000276a                dsub_shim
 .text.dadd_shim
                0x10002774      0x15c CMakeFiles/retrolink.dir/C_/Users/Cristiano/.pico-sdk/sdk/2.2.0/src/rp2_common/pico_double/double_v1_rom_shim_rp2040.S.obj
                0x10002774                dadd_shim
 .text.dmul_shim
                0x100028d0      0x15c CMakeFiles/retrolink.dir/C_/Users/Cristiano/.pico-sdk/sdk/2.2.0/src/rp2_common/pico_double/double_v1_rom_shim_rp2040.S.obj
                0x100028d0                dmul_shim
 .text.ddiv_shim
                0x10002a2c      0x1b0 CMakeFiles/retrolink.dir/C_/Users/Cristiano/.pico-sdk/sdk/2.2.0/src/rp2_common/pico_double/double_v1_rom_shim_rp2040.S.obj
                0x10002a2c                ddiv_shim
 .text.double2uint_shim
                0x10002bdc        0xe CMakeFiles/retrolink.dir/C_/Users/Cristiano/.pico-sdk/sdk/2.2.0/src/rp2_common/pico_double/double_v1_rom_shim_rp2040.S.obj
                0x10002bdc                double2uint_shim
                0x10002bde                double2ufix_shim
 *fill*         0x10002bea        0x2 
 .text.double2uint64_shim
                0x10002bec       0x70 CMakeFiles/retrolink.dir/C_/Users/Cristiano/.pico-sdk/sdk/2.2.0/src/rp2_common/pico_double/double_v1_rom_shim_rp2040.S.obj
                0x10002bec                double2uint64_shim
                0x10002bee                double2ufix64_shim
                0x10002c0e                d2fix_a
 .text.dunpacks
                0x10002c5c       0x3c CMakeFiles/retrolink.dir/C_/Users/Cristiano/.pico-sdk/sdk/2.2.0/src/rp2_common/pico_double/double_v1_rom_shim_rp2040.S.obj
                0x10002c5c                dunpacks
 .text.__aeabi_lmul
                0x10002c98       0x32 CMakeFiles/retrolink.dir/C_/Users/Cristiano/.pico-sdk/sdk/2.2.0/src/rp2_common/pico_int64_ops/pico_int64_ops_aeabi.S.obj
                0x10002c98                __wrap___aeabi_lmul
 *fill*         0x10002cca        0x2 
 .text.__wrap___aeabi_farithmetic
                0x10002ccc       0x48 CMakeFiles/retrolink.dir/C_/Users/Cristiano/.pico-sdk/sdk/2.2.0/src/rp2_common/pico_float/float_aeabi_rp2040.S.obj
                0x10002ccc                __wrap___aeabi_frsub
                0x10002cd2                __wrap___aeabi_fsub
                0x10002cd8                __wrap___aeabi_fadd
                0x10002cde                __wrap___aeabi_fdiv
                0x10002d06                __wrap___aeabi_fmul
 .text.__wrap___aeabi_ui2f
                0x10002d14        0xa CMakeFiles/retrolink.dir/C_/Users/Cristiano/.pico-sdk/sdk/2.2.0/src/rp2_common/pico_float/float_aeabi_rp2040.S.obj
                0x10002d14                __wrap___aeabi_ui2f
                0x10002d14                uint2float
 *fill*         0x10002d1e        0x2 
 .text.__wrap___aeabi_i2f
                0x10002d20       0x44 CMakeFiles/retrolink.dir/C_/Users/Cristiano/.pico-sdk/sdk/2.2.0/src/rp2_common/pico_float/float_aeabi_rp2040.S.obj
                0x10002d20                __wrap___aeabi_i2f
                0x10002d20                int2float
 .text.__wrap___aeabi_f2uiz
                0x10002d64        0xc CMakeFiles/retrolink.dir/C_/Users/Cristiano/.pico-sdk/sdk/2.2.0/src/rp2_common/pico_float/float_aeabi_rp2040.S.obj
                0x10002d64                float2uint_z
                0x10002d64                __wrap___aeabi_f2uiz
                0x10002d64                float2uint
 .text.__aeabi_float_init
                0x10002d70       0x64 CMakeFiles/retrolink.dir/C_/Users/Cristiano/.pico-sdk/sdk/2.2.0/src/rp2_common/pico_float/float_init_rom_rp2040.c.obj
                0x10002d70                __aeabi_float_init
 .text.float_table_shim_on_use_helper
                0x10002dd4       0x2c CMakeFiles/retrolink.dir/C_/Users/Cristiano/.pico-sdk/sdk/2.2.0/src/rp2_common/pico_float/float_v1_rom_shim_rp2040.S.obj
                0x10002dd4                float_table_shim_on_use_helper
 .text.__wrap_malloc
                0x10002e00       0x3c CMakeFiles/retrolink.dir/C_/Users/Cristiano/.pico-sdk/sdk/2.2.0/src/rp2_common/pico_malloc/malloc.c.obj
                0x10002e00                __wrap_malloc
 .text.__wrap_calloc
                0x10002e3c       0x44 CMakeFiles/retrolink.dir/C_/Users/Cristiano/.pico-sdk/sdk/2.2.0/src/rp2_common/pico_malloc/malloc.c.obj
                0x10002e3c                __wrap_calloc
 .text          0x10002e80       0x10 CMakeFiles/retrolink.dir/C_/Users/Cristiano/.pico-sdk/sdk/2.2.0/src/rp2_common/pico_mem_ops/mem_ops_aeabi.S.obj
                0x10002e80                __aeabi_mem_init
 .text.memset   0x10002e90        0xc CMakeFiles/retrolink.dir/C_/Users/Cristiano/.pico-sdk/sdk/2.2.0/src/rp2_common/pico_mem_ops/mem_ops_aeabi.S.obj
                0x10002e90                __wrap_memset
 .text.memcpy   0x10002e9c        0xc CMakeFiles/retrolink.dir/C_/Users/Cristiano/.pico-sdk/sdk/2.2.0/src/rp2_common/pico_mem_ops/mem_ops_aeabi.S.obj
                0x10002e9c                __wrap_memcpy
                0x10002e9c                __wrap___aeabi_memcpy
 .text._out_null
                0x10002ea8        0x4 CMakeFiles/retrolink.dir/C_/Users/Cristiano/.pico-sdk/sdk/2.2.0/src/rp2_common/pico_printf/printf.c.obj
 .text._out_rev
                0x10002eac       0xac CMakeFiles/retrolink.dir/C_/Users/Cristiano/.pico-sdk/sdk/2.2.0/src/rp2_common/pico_printf/printf.c.obj
 .text._ntoa_format
                0x10002f58      0x1cc CMakeFiles/retrolink.dir/C_/Users/Cristiano/.pico-sdk/sdk/2.2.0/src/rp2_common/pico_printf/printf.c.obj
 .text._out_char
                0x10003124       0x10 CMakeFiles/retrolink.dir/C_/Users/Cristiano/.pico-sdk/sdk/2.2.0/src/rp2_common/pico_printf/printf.c.obj
 .text._out_fct
                0x10003134       0x10 CMakeFiles/retrolink.dir/C_/Users/Cristiano/.pico-sdk/sdk/2.2.0/src/rp2_common/pico_printf/printf.c.obj
 .text._ftoa    0x10003144      0x4a8 CMakeFiles/retrolink.dir/C_/Users/Cristiano/.pico-sdk/sdk/2.2.0/src/rp2_common/pico_printf/printf.c.obj
 .text._etoa    0x100035ec      0x57c CMakeFiles/retrolink.dir/C_/Users/Cristiano/.pico-sdk/sdk/2.2.0/src/rp2_common/pico_printf/printf.c.obj
 .text._vsnprintf
                0x10003b68      0xbe0 CMakeFiles/retrolink.dir/C_/Users/Cristiano/.pico-sdk/sdk/2.2.0/src/rp2_common/pico_printf/printf.c.obj
 .text.vfctprintf
                0x10004748       0x24 CMakeFiles/retrolink.dir/C_/Users/Cristiano/.pico-sdk/sdk/2.2.0/src/rp2_common/pico_printf/printf.c.obj
                0x10004748                vfctprintf
 .text.weak_raw_vprintf
                0x1000476c       0x30 CMakeFiles/retrolink.dir/C_/Users/Cristiano/.pico-sdk/sdk/2.2.0/src/rp2_common/pico_printf/printf.c.obj
                0x1000476c                weak_raw_vprintf
 .text._exit    0x1000479c        0x4 CMakeFiles/retrolink.dir/C_/Users/Cristiano/.pico-sdk/sdk/2.2.0/src/rp2_common/pico_clib_interface/newlib_interface.c.obj
                0x1000479c                _exit
 .text._sbrk    0x100047a0       0x34 CMakeFiles/retrolink.dir/C_/Users/Cristiano/.pico-sdk/sdk/2.2.0/src/rp2_common/pico_clib_interface/newlib_interface.c.obj
                0x100047a0                _sbrk
 .text.exit     0x100047d4        0x8 CMakeFiles/retrolink.dir/C_/Users/Cristiano/.pico-sdk/sdk/2.2.0/src/rp2_common/pico_clib_interface/newlib_interface.c.obj
                0x100047d4                exit
 .text.runtime_init
                0x100047dc       0x2c CMakeFiles/retrolink.dir/C_/Users/Cristiano/.pico-sdk/sdk/2.2.0/src/rp2_common/pico_clib_interface/newlib_interface.c.obj
                0x100047dc                runtime_init
 .text.stdio_out_chars_no_crlf
                0x10004808       0x10 CMakeFiles/retrolink.dir/C_/Users/Cristiano/.pico-sdk/sdk/2.2.0/src/rp2_common/pico_stdio/stdio.c.obj
 .text.stdio_out_chars_crlf
                0x10004818       0xb0 CMakeFiles/retrolink.dir/C_/Users/Cristiano/.pico-sdk/sdk/2.2.0/src/rp2_common/pico_stdio/stdio.c.obj
 .text.stdio_buffered_printer
                0x100048c8       0x64 CMakeFiles/retrolink.dir/C_/Users/Cristiano/.pico-sdk/sdk/2.2.0/src/rp2_common/pico_stdio/stdio.c.obj
 .text.stdio_put_string
                0x1000492c       0xfc CMakeFiles/retrolink.dir/C_/Users/Cristiano/.pico-sdk/sdk/2.2.0/src/rp2_common/pico_stdio/stdio.c.obj
                0x1000492c                stdio_put_string
 .text.stdio_set_driver_enabled
                0x10004a28       0x30 CMakeFiles/retrolink.dir/C_/Users/Cristiano/.pico-sdk/sdk/2.2.0/src/rp2_common/pico_stdio/stdio.c.obj
                0x10004a28                stdio_set_driver_enabled
 .text.stdio_init_all
                0x10004a58        0xc CMakeFiles/retrolink.dir/C_/Users/Cristiano/.pico-sdk/sdk/2.2.0/src/rp2_common/pico_stdio/stdio.c.obj
                0x10004a58                stdio_init_all
 .text.__wrap_putchar
                0x10004a64       0x94 CMakeFiles/retrolink.dir/C_/Users/Cristiano/.pico-sdk/sdk/2.2.0/src/rp2_common/pico_stdio/stdio.c.obj
                0x10004a64                __wrap_putchar
                0x10004a64                stdio_putchar
 .text.__wrap_puts
                0x10004af8       0x3c CMakeFiles/retrolink.dir/C_/Users/Cristiano/.pico-sdk/sdk/2.2.0/src/rp2_common/pico_stdio/stdio.c.obj
                0x10004af8                stdio_puts
                0x10004af8                __wrap_puts
 .text.__wrap_vprintf
                0x10004b34       0xcc CMakeFiles/retrolink.dir/C_/Users/Cristiano/.pico-sdk/sdk/2.2.0/src/rp2_common/pico_stdio/stdio.c.obj
                0x10004b34                stdio_vprintf
                0x10004b34                __wrap_vprintf
 .text.__wrap_printf
                0x10004c00       0x18 CMakeFiles/retrolink.dir/C_/Users/Cristiano/.pico-sdk/sdk/2.2.0/src/rp2_common/pico_stdio/stdio.c.obj
                0x10004c00                __wrap_printf
                0x10004c00                stdio_printf
 .text.stdio_uart_out_chars
                0x10004c18       0x4c CMakeFiles/retrolink.dir/C_/Users/Cristiano/.pico-sdk/sdk/2.2.0/src/rp2_common/pico_stdio_uart/stdio_uart.c.obj
 .text.stdio_uart_in_chars
                0x10004c64       0x90 CMakeFiles/retrolink.dir/C_/Users/Cristiano/.pico-sdk/sdk/2.2.0/src/rp2_common/pico_stdio_uart/stdio_uart.c.obj
                0x10004c64                stdio_uart_in_chars
 .text.on_uart_rx
                0x10004cf4       0x28 CMakeFiles/retrolink.dir/C_/Users/Cristiano/.pico-sdk/sdk/2.2.0/src/rp2_common/pico_stdio_uart/stdio_uart.c.obj
 .text.stdio_uart_out_flush
                0x10004d1c       0x14 CMakeFiles/retrolink.dir/C_/Users/Cristiano/.pico-sdk/sdk/2.2.0/src/rp2_common/pico_stdio_uart/stdio_uart.c.obj
 .text.stdio_uart_set_chars_available_callback
                0x10004d30       0x84 CMakeFiles/retrolink.dir/C_/Users/Cristiano/.pico-sdk/sdk/2.2.0/src/rp2_common/pico_stdio_uart/stdio_uart.c.obj
 .text.stdio_uart_init
                0x10004db4       0x50 CMakeFiles/retrolink.dir/C_/Users/Cristiano/.pico-sdk/sdk/2.2.0/src/rp2_common/pico_stdio_uart/stdio_uart.c.obj
                0x10004db4                stdio_uart_init
 .text.pio_sm_claim
                0x10004e04       0x30 CMakeFiles/retrolink.dir/C_/Users/Cristiano/.pico-sdk/sdk/2.2.0/src/rp2_common/hardware_pio/pio.c.obj
                0x10004e04                pio_sm_claim
 .text.pio_add_program
                0x10004e34       0xf8 CMakeFiles/retrolink.dir/C_/Users/Cristiano/.pico-sdk/sdk/2.2.0/src/rp2_common/hardware_pio/pio.c.obj
                0x10004e34                pio_add_program
 .text.pio_add_program_at_offset
                0x10004f2c       0xb0 CMakeFiles/retrolink.dir/C_/Users/Cristiano/.pico-sdk/sdk/2.2.0/src/rp2_common/hardware_pio/pio.c.obj
                0x10004f2c                pio_add_program_at_offset
 .text.pio_sm_set_pins_with_mask64
                0x10004fdc       0xa8 CMakeFiles/retrolink.dir/C_/Users/Cristiano/.pico-sdk/sdk/2.2.0/src/rp2_common/hardware_pio/pio.c.obj
                0x10004fdc                pio_sm_set_pins_with_mask64
 .text.pio_sm_set_pindirs_with_mask64
                0x10005084       0xac CMakeFiles/retrolink.dir/C_/Users/Cristiano/.pico-sdk/sdk/2.2.0/src/rp2_common/hardware_pio/pio.c.obj
                0x10005084                pio_sm_set_pindirs_with_mask64
 .text.pio_sm_set_consecutive_pindirs
                0x10005130       0xb4 CMakeFiles/retrolink.dir/C_/Users/Cristiano/.pico-sdk/sdk/2.2.0/src/rp2_common/hardware_pio/pio.c.obj
                0x10005130                pio_sm_set_consecutive_pindirs
 .text.pio_sm_init
                0x100051e4       0x9c CMakeFiles/retrolink.dir/C_/Users/Cristiano/.pico-sdk/sdk/2.2.0/src/rp2_common/hardware_pio/pio.c.obj
                0x100051e4                pio_sm_init
 .text._control_blocking_complete_cb
                0x10005280        0x8 CMakeFiles/retrolink.dir/C_/Users/Cristiano/.pico-sdk/sdk/2.2.0/lib/tinyusb/src/host/usbh.c.obj
 .text.process_removing_device
                0x10005288      0x160 CMakeFiles/retrolink.dir/C_/Users/Cristiano/.pico-sdk/sdk/2.2.0/lib/tinyusb/src/host/usbh.c.obj
 .text.usbh_control_xfer_cb.isra.0
                0x100053e8      0x50c CMakeFiles/retrolink.dir/C_/Users/Cristiano/.pico-sdk/sdk/2.2.0/lib/tinyusb/src/host/usbh.c.obj
 .text.tuh_event_hook_cb
                0x100058f4        0x4 CMakeFiles/retrolink.dir/C_/Users/Cristiano/.pico-sdk/sdk/2.2.0/lib/tinyusb/src/host/usbh.c.obj
                0x100058f4                tuh_event_hook_cb
 .text.tuh_rhport_init
                0x100058f8      0x13c CMakeFiles/retrolink.dir/C_/Users/Cristiano/.pico-sdk/sdk/2.2.0/lib/tinyusb/src/host/usbh.c.obj
                0x100058f8                tuh_rhport_init
 .text.tuh_control_xfer
                0x10005a34      0x148 CMakeFiles/retrolink.dir/C_/Users/Cristiano/.pico-sdk/sdk/2.2.0/lib/tinyusb/src/host/usbh.c.obj
                0x10005a34                tuh_control_xfer
 .text.enum_new_device.isra.0
                0x10005b7c       0xe4 CMakeFiles/retrolink.dir/C_/Users/Cristiano/.pico-sdk/sdk/2.2.0/lib/tinyusb/src/host/usbh.c.obj
 .text.tuh_task_ext.part.0
                0x10005c60      0x228 CMakeFiles/retrolink.dir/C_/Users/Cristiano/.pico-sdk/sdk/2.2.0/lib/tinyusb/src/host/usbh.c.obj
 .text.tuh_task_ext
                0x10005e88       0x18 CMakeFiles/retrolink.dir/C_/Users/Cristiano/.pico-sdk/sdk/2.2.0/lib/tinyusb/src/host/usbh.c.obj
                0x10005e88                tuh_task_ext
 .text.process_enumeration
                0x10005ea0      0x630 CMakeFiles/retrolink.dir/C_/Users/Cristiano/.pico-sdk/sdk/2.2.0/lib/tinyusb/src/host/usbh.c.obj
 .text.usbh_get_rhport
                0x100064d0       0x20 CMakeFiles/retrolink.dir/C_/Users/Cristiano/.pico-sdk/sdk/2.2.0/lib/tinyusb/src/host/usbh.c.obj
                0x100064d0                usbh_get_rhport
 .text.usbh_get_enum_buf
                0x100064f0        0x8 CMakeFiles/retrolink.dir/C_/Users/Cristiano/.pico-sdk/sdk/2.2.0/lib/tinyusb/src/host/usbh.c.obj
                0x100064f0                usbh_get_enum_buf
 .text.usbh_edpt_claim
                0x100064f8       0x48 CMakeFiles/retrolink.dir/C_/Users/Cristiano/.pico-sdk/sdk/2.2.0/lib/tinyusb/src/host/usbh.c.obj
                0x100064f8                usbh_edpt_claim
 .text.usbh_edpt_release
                0x10006540       0x48 CMakeFiles/retrolink.dir/C_/Users/Cristiano/.pico-sdk/sdk/2.2.0/lib/tinyusb/src/host/usbh.c.obj
                0x10006540                usbh_edpt_release
 .text.usbh_edpt_xfer_with_callback
                0x10006588       0x70 CMakeFiles/retrolink.dir/C_/Users/Cristiano/.pico-sdk/sdk/2.2.0/lib/tinyusb/src/host/usbh.c.obj
                0x10006588                usbh_edpt_xfer_with_callback
 .text.tuh_edpt_open
                0x100065f8       0x50 CMakeFiles/retrolink.dir/C_/Users/Cristiano/.pico-sdk/sdk/2.2.0/lib/tinyusb/src/host/usbh.c.obj
                0x100065f8                tuh_edpt_open
 .text.hcd_devtree_get_info
                0x10006648       0x40 CMakeFiles/retrolink.dir/C_/Users/Cristiano/.pico-sdk/sdk/2.2.0/lib/tinyusb/src/host/usbh.c.obj
                0x10006648                hcd_devtree_get_info
 .text.tuh_descriptor_get_hid_report
                0x10006688      0x160 CMakeFiles/retrolink.dir/C_/Users/Cristiano/.pico-sdk/sdk/2.2.0/lib/tinyusb/src/host/usbh.c.obj
                0x10006688                tuh_descriptor_get_hid_report
 .text.usbh_driver_set_config_complete
                0x100067e8      0x19c CMakeFiles/retrolink.dir/C_/Users/Cristiano/.pico-sdk/sdk/2.2.0/lib/tinyusb/src/host/usbh.c.obj
                0x100067e8                usbh_driver_set_config_complete
 .text.connection_port_reset_complete
                0x10006984       0x34 CMakeFiles/retrolink.dir/C_/Users/Cristiano/.pico-sdk/sdk/2.2.0/lib/tinyusb/src/host/hub.c.obj
 .text.hub_clear_feature_complete_stub
                0x100069b8       0x2c CMakeFiles/retrolink.dir/C_/Users/Cristiano/.pico-sdk/sdk/2.2.0/lib/tinyusb/src/host/hub.c.obj
 .text.config_set_port_power
                0x100069e4       0x54 CMakeFiles/retrolink.dir/C_/Users/Cristiano/.pico-sdk/sdk/2.2.0/lib/tinyusb/src/host/hub.c.obj
 .text.config_port_power_complete
                0x10006a38       0x8c CMakeFiles/retrolink.dir/C_/Users/Cristiano/.pico-sdk/sdk/2.2.0/lib/tinyusb/src/host/hub.c.obj
 .text.connection_clear_conn_change_complete
                0x10006ac4       0x90 CMakeFiles/retrolink.dir/C_/Users/Cristiano/.pico-sdk/sdk/2.2.0/lib/tinyusb/src/host/hub.c.obj
 .text.hub_get_status_complete
                0x10006b54       0x8c CMakeFiles/retrolink.dir/C_/Users/Cristiano/.pico-sdk/sdk/2.2.0/lib/tinyusb/src/host/hub.c.obj
 .text.hub_port_get_status_complete
                0x10006be0      0x168 CMakeFiles/retrolink.dir/C_/Users/Cristiano/.pico-sdk/sdk/2.2.0/lib/tinyusb/src/host/hub.c.obj
 .text.hub_port_clear_feature
                0x10006d48       0x48 CMakeFiles/retrolink.dir/C_/Users/Cristiano/.pico-sdk/sdk/2.2.0/lib/tinyusb/src/host/hub.c.obj
                0x10006d48                hub_port_clear_feature
 .text.hub_port_get_status
                0x10006d90       0x54 CMakeFiles/retrolink.dir/C_/Users/Cristiano/.pico-sdk/sdk/2.2.0/lib/tinyusb/src/host/hub.c.obj
                0x10006d90                hub_port_get_status
 .text.hub_init
                0x10006de4       0x14 CMakeFiles/retrolink.dir/C_/Users/Cristiano/.pico-sdk/sdk/2.2.0/lib/tinyusb/src/host/hub.c.obj
                0x10006de4                hub_init
 .text.hub_deinit
                0x10006df8        0x4 CMakeFiles/retrolink.dir/C_/Users/Cristiano/.pico-sdk/sdk/2.2.0/lib/tinyusb/src/host/hub.c.obj
                0x10006df8                hub_deinit
 .text.hub_open
                0x10006dfc       0x54 CMakeFiles/retrolink.dir/C_/Users/Cristiano/.pico-sdk/sdk/2.2.0/lib/tinyusb/src/host/hub.c.obj
                0x10006dfc                hub_open
 .text.hub_close
                0x10006e50       0x24 CMakeFiles/retrolink.dir/C_/Users/Cristiano/.pico-sdk/sdk/2.2.0/lib/tinyusb/src/host/hub.c.obj
                0x10006e50                hub_close
 .text.hub_edpt_status_xfer
                0x10006e74       0x28 CMakeFiles/retrolink.dir/C_/Users/Cristiano/.pico-sdk/sdk/2.2.0/lib/tinyusb/src/host/hub.c.obj
                0x10006e74                hub_edpt_status_xfer
 .text.hub_set_config
                0x10006e9c       0x54 CMakeFiles/retrolink.dir/C_/Users/Cristiano/.pico-sdk/sdk/2.2.0/lib/tinyusb/src/host/hub.c.obj
                0x10006e9c                hub_set_config
 .text.hub_xfer_cb
                0x10006ef0      0x118 CMakeFiles/retrolink.dir/C_/Users/Cristiano/.pico-sdk/sdk/2.2.0/lib/tinyusb/src/host/hub.c.obj
                0x10006ef0                hub_xfer_cb
 .text.process_set_config
                0x10007008      0x1d0 CMakeFiles/retrolink.dir/C_/Users/Cristiano/.pico-sdk/sdk/2.2.0/lib/tinyusb/src/class/hid/hid_host.c.obj
 .text.tuh_hid_receive_report
                0x100071d8       0x5c CMakeFiles/retrolink.dir/C_/Users/Cristiano/.pico-sdk/sdk/2.2.0/lib/tinyusb/src/class/hid/hid_host.c.obj
                0x100071d8                tuh_hid_receive_report
 .text.hidh_init
                0x10007234       0x14 CMakeFiles/retrolink.dir/C_/Users/Cristiano/.pico-sdk/sdk/2.2.0/lib/tinyusb/src/class/hid/hid_host.c.obj
                0x10007234                hidh_init
 .text.hidh_deinit
                0x10007248        0x4 CMakeFiles/retrolink.dir/C_/Users/Cristiano/.pico-sdk/sdk/2.2.0/lib/tinyusb/src/class/hid/hid_host.c.obj
                0x10007248                hidh_deinit
 .text.hidh_xfer_cb
                0x1000724c       0xb8 CMakeFiles/retrolink.dir/C_/Users/Cristiano/.pico-sdk/sdk/2.2.0/lib/tinyusb/src/class/hid/hid_host.c.obj
                0x1000724c                hidh_xfer_cb
 .text.hidh_close
                0x10007304       0xac CMakeFiles/retrolink.dir/C_/Users/Cristiano/.pico-sdk/sdk/2.2.0/lib/tinyusb/src/class/hid/hid_host.c.obj
                0x10007304                hidh_close
 .text.hidh_open
                0x100073b0      0x11c CMakeFiles/retrolink.dir/C_/Users/Cristiano/.pico-sdk/sdk/2.2.0/lib/tinyusb/src/class/hid/hid_host.c.obj
                0x100073b0                hidh_open
 .text.hidh_set_config
                0x100074cc       0x9c CMakeFiles/retrolink.dir/C_/Users/Cristiano/.pico-sdk/sdk/2.2.0/lib/tinyusb/src/class/hid/hid_host.c.obj
                0x100074cc                hidh_set_config
 .text.hcd_init
                0x10007568       0x10 CMakeFiles/retrolink.dir/C_/Users/Cristiano/.pico-sdk/sdk/2.2.0/lib/tinyusb/src/portable/raspberrypi/pio_usb/hcd_pio_usb.c.obj
                0x10007568                hcd_init
 .text.hcd_port_reset
                0x10007578        0xc CMakeFiles/retrolink.dir/C_/Users/Cristiano/.pico-sdk/sdk/2.2.0/lib/tinyusb/src/portable/raspberrypi/pio_usb/hcd_pio_usb.c.obj
                0x10007578                hcd_port_reset
 .text.hcd_port_reset_end
                0x10007584        0xc CMakeFiles/retrolink.dir/C_/Users/Cristiano/.pico-sdk/sdk/2.2.0/lib/tinyusb/src/portable/raspberrypi/pio_usb/hcd_pio_usb.c.obj
                0x10007584                hcd_port_reset_end
 .text.hcd_port_connect_status
                0x10007590       0x40 CMakeFiles/retrolink.dir/C_/Users/Cristiano/.pico-sdk/sdk/2.2.0/lib/tinyusb/src/portable/raspberrypi/pio_usb/hcd_pio_usb.c.obj
                0x10007590                hcd_port_connect_status
 .text.hcd_port_speed_get
                0x100075d0       0x1c CMakeFiles/retrolink.dir/C_/Users/Cristiano/.pico-sdk/sdk/2.2.0/lib/tinyusb/src/portable/raspberrypi/pio_usb/hcd_pio_usb.c.obj
                0x100075d0                hcd_port_speed_get
 .text.hcd_device_close
                0x100075ec        0xc CMakeFiles/retrolink.dir/C_/Users/Cristiano/.pico-sdk/sdk/2.2.0/lib/tinyusb/src/portable/raspberrypi/pio_usb/hcd_pio_usb.c.obj
                0x100075ec                hcd_device_close
 .text.hcd_int_enable
                0x100075f8        0x4 CMakeFiles/retrolink.dir/C_/Users/Cristiano/.pico-sdk/sdk/2.2.0/lib/tinyusb/src/portable/raspberrypi/pio_usb/hcd_pio_usb.c.obj
                0x100075f8                hcd_int_enable
 .text.hcd_edpt_open
                0x100075fc       0x38 CMakeFiles/retrolink.dir/C_/Users/Cristiano/.pico-sdk/sdk/2.2.0/lib/tinyusb/src/portable/raspberrypi/pio_usb/hcd_pio_usb.c.obj
                0x100075fc                hcd_edpt_open
 .text.hcd_edpt_xfer
                0x10007634       0x18 CMakeFiles/retrolink.dir/C_/Users/Cristiano/.pico-sdk/sdk/2.2.0/lib/tinyusb/src/portable/raspberrypi/pio_usb/hcd_pio_usb.c.obj
                0x10007634                hcd_edpt_xfer
 .text.hcd_edpt_abort_xfer
                0x1000764c        0xc CMakeFiles/retrolink.dir/C_/Users/Cristiano/.pico-sdk/sdk/2.2.0/lib/tinyusb/src/portable/raspberrypi/pio_usb/hcd_pio_usb.c.obj
                0x1000764c                hcd_edpt_abort_xfer
 .text.hcd_setup_send
                0x10007658        0xc CMakeFiles/retrolink.dir/C_/Users/Cristiano/.pico-sdk/sdk/2.2.0/lib/tinyusb/src/portable/raspberrypi/pio_usb/hcd_pio_usb.c.obj
                0x10007658                hcd_setup_send
 .text.tusb_time_delay_ms_api
                0x10007664        0x8 CMakeFiles/retrolink.dir/C_/Users/Cristiano/.pico-sdk/sdk/2.2.0/lib/tinyusb/src/tusb.c.obj
                0x10007664                tusb_time_delay_ms_api
 .text.tusb_rhport_init
                0x1000766c       0x4c CMakeFiles/retrolink.dir/C_/Users/Cristiano/.pico-sdk/sdk/2.2.0/lib/tinyusb/src/tusb.c.obj
                0x1000766c                tusb_rhport_init
 .text.tu_edpt_claim
                0x100076b8       0x50 CMakeFiles/retrolink.dir/C_/Users/Cristiano/.pico-sdk/sdk/2.2.0/lib/tinyusb/src/tusb.c.obj
                0x100076b8                tu_edpt_claim
 .text.tu_edpt_release
                0x10007708       0x38 CMakeFiles/retrolink.dir/C_/Users/Cristiano/.pico-sdk/sdk/2.2.0/lib/tinyusb/src/tusb.c.obj
                0x10007708                tu_edpt_release
 .text.tu_edpt_validate
                0x10007740       0x7c CMakeFiles/retrolink.dir/C_/Users/Cristiano/.pico-sdk/sdk/2.2.0/lib/tinyusb/src/tusb.c.obj
                0x10007740                tu_edpt_validate
 .text.tu_edpt_bind_driver
                0x100077bc       0x34 CMakeFiles/retrolink.dir/C_/Users/Cristiano/.pico-sdk/sdk/2.2.0/lib/tinyusb/src/tusb.c.obj
                0x100077bc                tu_edpt_bind_driver
 .text.tu_desc_get_interface_total_len
                0x100077f0       0x50 CMakeFiles/retrolink.dir/C_/Users/Cristiano/.pico-sdk/sdk/2.2.0/lib/tinyusb/src/tusb.c.obj
                0x100077f0                tu_desc_get_interface_total_len
 .text.tu_fifo_empty
                0x10007840       0x10 CMakeFiles/retrolink.dir/C_/Users/Cristiano/.pico-sdk/sdk/2.2.0/lib/tinyusb/src/common/tusb_fifo.c.obj
                0x10007840                tu_fifo_empty
 .text.tu_fifo_read
                0x10007850       0x9c CMakeFiles/retrolink.dir/C_/Users/Cristiano/.pico-sdk/sdk/2.2.0/lib/tinyusb/src/common/tusb_fifo.c.obj
                0x10007850                tu_fifo_read
 .text.tu_fifo_write
                0x100078ec       0xa4 CMakeFiles/retrolink.dir/C_/Users/Cristiano/.pico-sdk/sdk/2.2.0/lib/tinyusb/src/common/tusb_fifo.c.obj
                0x100078ec                tu_fifo_write
 .text.tu_fifo_clear
                0x10007990       0x40 CMakeFiles/retrolink.dir/C_/Users/Cristiano/.pico-sdk/sdk/2.2.0/lib/tinyusb/src/common/tusb_fifo.c.obj
                0x10007990                tu_fifo_clear
 .text.startup._retrieve_unique_id_on_boot
                0x100079d0       0x10 CMakeFiles/retrolink.dir/C_/Users/Cristiano/.pico-sdk/sdk/2.2.0/src/rp2_common/pico_unique_id/unique_id.c.obj
 .text.flash_get_unique_id
                0x100079e0       0x3c CMakeFiles/retrolink.dir/C_/Users/Cristiano/.pico-sdk/sdk/2.2.0/src/rp2_common/hardware_flash/flash.c.obj
                0x100079e0                flash_get_unique_id
 .text.pio_usb_bus_init
                0x10007a1c      0x198 CMakeFiles/retrolink.dir/C_/Users/Cristiano/OneDrive/Personal/11._Electronics/RetroLink/GitHub/retrolink/third_party/Pico-PIO-USB/src/pio_usb.c.obj
                0x10007a1c                pio_usb_bus_init
 .text.pio_usb_host_init
                0x10007bb4      0x1e8 CMakeFiles/retrolink.dir/C_/Users/Cristiano/OneDrive/Personal/11._Electronics/RetroLink/GitHub/retrolink/third_party/Pico-PIO-USB/src/pio_usb_host.c.obj
                0x10007bb4                pio_usb_host_init
 .text.pio_usb_host_port_reset_start
                0x10007d9c       0x40 CMakeFiles/retrolink.dir/C_/Users/Cristiano/OneDrive/Personal/11._Electronics/RetroLink/GitHub/retrolink/third_party/Pico-PIO-USB/src/pio_usb_host.c.obj
                0x10007d9c                pio_usb_host_port_reset_start
 .text.pio_usb_host_port_reset_end
                0x10007ddc       0x48 CMakeFiles/retrolink.dir/C_/Users/Cristiano/OneDrive/Personal/11._Electronics/RetroLink/GitHub/retrolink/third_party/Pico-PIO-USB/src/pio_usb_host.c.obj
                0x10007ddc                pio_usb_host_port_reset_end
 .text.pio_usb_host_close_device
                0x10007e24       0x38 CMakeFiles/retrolink.dir/C_/Users/Cristiano/OneDrive/Personal/11._Electronics/RetroLink/GitHub/retrolink/third_party/Pico-PIO-USB/src/pio_usb_host.c.obj
                0x10007e24                pio_usb_host_close_device
 .text.pio_usb_host_endpoint_open
                0x10007e5c       0xb8 CMakeFiles/retrolink.dir/C_/Users/Cristiano/OneDrive/Personal/11._Electronics/RetroLink/GitHub/retrolink/third_party/Pico-PIO-USB/src/pio_usb_host.c.obj
                0x10007e5c                pio_usb_host_endpoint_open
 .text.pio_usb_host_send_setup
                0x10007f14       0x60 CMakeFiles/retrolink.dir/C_/Users/Cristiano/OneDrive/Personal/11._Electronics/RetroLink/GitHub/retrolink/third_party/Pico-PIO-USB/src/pio_usb_host.c.obj
                0x10007f14                pio_usb_host_send_setup
 .text.pio_usb_host_endpoint_transfer
                0x10007f74       0x90 CMakeFiles/retrolink.dir/C_/Users/Cristiano/OneDrive/Personal/11._Electronics/RetroLink/GitHub/retrolink/third_party/Pico-PIO-USB/src/pio_usb_host.c.obj
                0x10007f74                pio_usb_host_endpoint_transfer
 .text.pio_usb_host_endpoint_abort_transfer
                0x10008004       0xb4 CMakeFiles/retrolink.dir/C_/Users/Cristiano/OneDrive/Personal/11._Electronics/RetroLink/GitHub/retrolink/third_party/Pico-PIO-USB/src/pio_usb_host.c.obj
                0x10008004                pio_usb_host_endpoint_abort_transfer
 .text.dma_claim_mask
                0x100080b8       0x44 CMakeFiles/retrolink.dir/C_/Users/Cristiano/.pico-sdk/sdk/2.2.0/src/rp2_common/hardware_dma/dma.c.obj
                0x100080b8                dma_claim_mask
 .text.calloc   0x100080fc       0x18 C:/Users/Cristiano/.pico-sdk/toolchain/14_2_Rel1/bin/../lib/gcc/arm-none-eabi/14.2.1/thumb/v6-m/nofp\libg.a(libc_a-calloc.o)
                0x100080fc                calloc
 .text._calloc_r
                0x10008114       0xa8 C:/Users/Cristiano/.pico-sdk/toolchain/14_2_Rel1/bin/../lib/gcc/arm-none-eabi/14.2.1/thumb/v6-m/nofp\libg.a(libc_a-callocr.o)
                0x10008114                _calloc_r
 .text.malloc   0x100081bc       0x14 C:/Users/Cristiano/.pico-sdk/toolchain/14_2_Rel1/bin/../lib/gcc/arm-none-eabi/14.2.1/thumb/v6-m/nofp\libg.a(libc_a-malloc.o)
                0x100081bc                malloc
 .text._malloc_r
                0x100081d0      0x5cc C:/Users/Cristiano/.pico-sdk/toolchain/14_2_Rel1/bin/../lib/gcc/arm-none-eabi/14.2.1/thumb/v6-m/nofp\libg.a(libc_a-mallocr.o)
                0x100081d0                _malloc_r
 .text.__malloc_lock
                0x1000879c       0x10 C:/Users/Cristiano/.pico-sdk/toolchain/14_2_Rel1/bin/../lib/gcc/arm-none-eabi/14.2.1/thumb/v6-m/nofp\libg.a(libc_a-mlock.o)
                0x1000879c                __malloc_lock
 .text.__malloc_unlock
                0x100087ac       0x10 C:/Users/Cristiano/.pico-sdk/toolchain/14_2_Rel1/bin/../lib/gcc/arm-none-eabi/14.2.1/thumb/v6-m/nofp\libg.a(libc_a-mlock.o)
                0x100087ac                __malloc_unlock
 .text._sbrk_r  0x100087bc       0x24 C:/Users/Cristiano/.pico-sdk/toolchain/14_2_Rel1/bin/../lib/gcc/arm-none-eabi/14.2.1/thumb/v6-m/nofp\libg.a(libc_a-sbrkr.o)
                0x100087bc                _sbrk_r
 .text.__errno  0x100087e0        0xc C:/Users/Cristiano/.pico-sdk/toolchain/14_2_Rel1/bin/../lib/gcc/arm-none-eabi/14.2.1/thumb/v6-m/nofp\libg.a(libc_a-errno.o)
                0x100087e0                __errno
 .text.__retarget_lock_acquire_recursive
                0x100087ec        0x4 C:/Users/Cristiano/.pico-sdk/toolchain/14_2_Rel1/bin/../lib/gcc/arm-none-eabi/14.2.1/thumb/v6-m/nofp\libg.a(libc_a-lock.o)
                0x100087ec                __retarget_lock_acquire_recursive
 .text.__retarget_lock_release_recursive
                0x100087f0        0x4 C:/Users/Cristiano/.pico-sdk/toolchain/14_2_Rel1/bin/../lib/gcc/arm-none-eabi/14.2.1/thumb/v6-m/nofp\libg.a(libc_a-lock.o)
                0x100087f0                __retarget_lock_release_recursive
 .text.sysconf  0x100087f4       0x1c C:/Users/Cristiano/.pico-sdk/toolchain/14_2_Rel1/bin/../lib/gcc/arm-none-eabi/14.2.1/thumb/v6-m/nofp\libg.a(libc_a-sysconf.o)
                0x100087f4                sysconf
 .text.strlen   0x10008810       0x5c C:/Users/Cristiano/.pico-sdk/toolchain/14_2_Rel1/bin/../lib/gcc/arm-none-eabi/14.2.1/thumb/v6-m/nofp\libg.a(libc_a-strlen-stub.o)
                0x10008810                strlen
 .text._malloc_trim_r
                0x1000886c       0xb4 C:/Users/Cristiano/.pico-sdk/toolchain/14_2_Rel1/bin/../lib/gcc/arm-none-eabi/14.2.1/thumb/v6-m/nofp\libg.a(libc_a-freer.o)
                0x1000886c                _malloc_trim_r
 .text._free_r  0x10008920      0x1f0 C:/Users/Cristiano/.pico-sdk/toolchain/14_2_Rel1/bin/../lib/gcc/arm-none-eabi/14.2.1/thumb/v6-m/nofp\libg.a(libc_a-freer.o)
                0x10008920                _free_r
 *(.fini)
 .fini          0x10008b10        0x4 C:/Users/Cristiano/.pico-sdk/toolchain/14_2_Rel1/bin/../lib/gcc/arm-none-eabi/14.2.1/thumb/v6-m/nofp/crti.o
                0x10008b10                _fini
 *fill*         0x10008b14        0x4 
 .fini.__stub   0x10008b18       0xd0 linker stubs
 *crtbegin.o(.ctors)
 *crtbegin?.o(.ctors)
 *(EXCLUDE_FILE(*crtend.o *crtend?.o) .ctors)
 *(SORT_BY_NAME(.ctors.*))
 *(.ctors)
 *crtbegin.o(.dtors)
 *crtbegin?.o(.dtors)
 *(EXCLUDE_FILE(*crtend.o *crtend?.o) .dtors)
 *(SORT_BY_NAME(.dtors.*))
 *(.dtors)
                0x10008be8                        . = ALIGN (0x4)
                0x10008be8                        PROVIDE (__preinit_array_start = .)
 *(SORT_BY_NAME(.preinit_array.*))
 .preinit_array.00100
                0x10008be8        0x4 CMakeFiles/retrolink.dir/C_/Users/Cristiano/.pico-sdk/sdk/2.2.0/src/rp2_common/pico_runtime_init/runtime_init.c.obj
                0x10008be8                __pre_init_runtime_init_early_resets
 .preinit_array.00101
                0x10008bec        0x4 CMakeFiles/retrolink.dir/C_/Users/Cristiano/.pico-sdk/sdk/2.2.0/src/rp2_common/pico_runtime_init/runtime_init.c.obj
                0x10008bec                __pre_init_runtime_init_usb_power_down
 .preinit_array.00275
                0x10008bf0        0x4 CMakeFiles/retrolink.dir/C_/Users/Cristiano/.pico-sdk/sdk/2.2.0/src/rp2_common/pico_bit_ops/bit_ops_aeabi.S.obj
 .preinit_array.00300
                0x10008bf4        0x4 CMakeFiles/retrolink.dir/C_/Users/Cristiano/.pico-sdk/sdk/2.2.0/src/rp2_common/pico_mem_ops/mem_ops_aeabi.S.obj
 .preinit_array.00350
                0x10008bf8        0x4 CMakeFiles/retrolink.dir/C_/Users/Cristiano/.pico-sdk/sdk/2.2.0/src/rp2_common/pico_double/double_aeabi_rp2040.S.obj
 .preinit_array.00350
                0x10008bfc        0x4 CMakeFiles/retrolink.dir/C_/Users/Cristiano/.pico-sdk/sdk/2.2.0/src/rp2_common/pico_float/float_aeabi_rp2040.S.obj
 .preinit_array.00500
                0x10008c00        0x4 CMakeFiles/retrolink.dir/C_/Users/Cristiano/.pico-sdk/sdk/2.2.0/src/rp2_common/pico_runtime_init/runtime_init.c.obj
                0x10008c00                __pre_init_runtime_init_clocks
 .preinit_array.00600
                0x10008c04        0x4 CMakeFiles/retrolink.dir/C_/Users/Cristiano/.pico-sdk/sdk/2.2.0/src/rp2_common/pico_runtime_init/runtime_init.c.obj
                0x10008c04                __pre_init_runtime_init_post_clock_resets
 .preinit_array.00700
                0x10008c08        0x4 CMakeFiles/retrolink.dir/C_/Users/Cristiano/.pico-sdk/sdk/2.2.0/src/rp2_common/pico_runtime_init/runtime_init.c.obj
                0x10008c08                __pre_init_runtime_init_rp2040_gpio_ie_disable
 .preinit_array.01000
                0x10008c0c        0x4 CMakeFiles/retrolink.dir/C_/Users/Cristiano/.pico-sdk/sdk/2.2.0/src/rp2_common/pico_runtime_init/runtime_init.c.obj
                0x10008c0c                __pre_init_runtime_init_spin_locks_reset
 .preinit_array.01100
                0x10008c10        0x4 CMakeFiles/retrolink.dir/C_/Users/Cristiano/.pico-sdk/sdk/2.2.0/src/common/pico_sync/mutex.c.obj
                0x10008c10                __pre_init_runtime_init_mutex
 .preinit_array.10080
                0x10008c14        0x4 CMakeFiles/retrolink.dir/C_/Users/Cristiano/.pico-sdk/sdk/2.2.0/src/rp2_common/pico_runtime_init/runtime_init.c.obj
                0x10008c14                __pre_init_runtime_init_install_ram_vector_table
 .preinit_array.11000
                0x10008c18        0x4 CMakeFiles/retrolink.dir/C_/Users/Cristiano/.pico-sdk/sdk/2.2.0/src/common/pico_time/time.c.obj
                0x10008c18                __pre_init_runtime_init_default_alarm_pool
 .preinit_array.YYYYY
                0x10008c1c        0x4 CMakeFiles/retrolink.dir/C_/Users/Cristiano/.pico-sdk/sdk/2.2.0/src/rp2_common/pico_runtime/runtime.c.obj
                0x10008c1c                __pre_init_first_per_core_initializer
 .preinit_array.ZZZZZ.01200
                0x10008c20        0x4 CMakeFiles/retrolink.dir/C_/Users/Cristiano/.pico-sdk/sdk/2.2.0/src/rp2_common/hardware_irq/irq.c.obj
                0x10008c20                __pre_init_runtime_init_per_core_irq_priorities
 *(.preinit_array)
                0x10008c24                        PROVIDE (__preinit_array_end = .)
                0x10008c24                        . = ALIGN (0x4)
                0x10008c24                        PROVIDE (__init_array_start = .)
 *(SORT_BY_NAME(.init_array.*))
 .init_array.01000
                0x10008c24        0x4 CMakeFiles/retrolink.dir/C_/Users/Cristiano/.pico-sdk/sdk/2.2.0/src/rp2_common/pico_unique_id/unique_id.c.obj
 *(.init_array)
 .init_array    0x10008c28        0x4 C:/Users/Cristiano/.pico-sdk/toolchain/14_2_Rel1/bin/../lib/gcc/arm-none-eabi/14.2.1/thumb/v6-m/nofp/crtbegin.o
                0x10008c2c                        PROVIDE (__init_array_end = .)
                0x10008c2c                        . = ALIGN (0x4)
                [!provide]                        PROVIDE (__fini_array_start = .)
 *(SORT_BY_NAME(.fini_array.*))
 *(.fini_array)
                [!provide]                        PROVIDE (__fini_array_end = .)
 *(.eh_frame*)
 .eh_frame      0x10008c2c        0x0 C:/Users/Cristiano/.pico-sdk/toolchain/14_2_Rel1/bin/../lib/gcc/arm-none-eabi/14.2.1/thumb/v6-m/nofp/crtbegin.o
                0x10008c2c                        . = ALIGN (0x4)

.glue_7         0x10008c2c        0x0
 .glue_7        0x10008c2c        0x0 linker stubs

.glue_7t        0x10008c2c        0x0
 .glue_7t       0x10008c2c        0x0 linker stubs

.vfp11_veneer   0x10008c2c        0x0
 .vfp11_veneer  0x10008c2c        0x0 linker stubs

.v4_bx          0x10008c2c        0x0
 .v4_bx         0x10008c2c        0x0 linker stubs

.iplt           0x10008c2c        0x0
 .iplt          0x10008c2c        0x0 C:/Users/Cristiano/.pico-sdk/toolchain/14_2_Rel1/bin/../lib/gcc/arm-none-eabi/14.2.1/thumb/v6-m/nofp/crtbegin.o

.rodata         0x10008c30      0x518
 *(EXCLUDE_FILE(*libm.a: *libc.a:*lib_a-mem*.o *libgcc.a:) .rodata*)
 .rodata.ws2812_program
                0x10008c30        0x8 CMakeFiles/retrolink.dir/src/status_led.c.obj
 .rodata.ws2812_program_instructions
                0x10008c38        0x8 CMakeFiles/retrolink.dir/src/status_led.c.obj
 .rodata.panic.str1.4
                0x10008c40      0x18a CMakeFiles/retrolink.dir/C_/Users/Cristiano/.pico-sdk/sdk/2.2.0/src/rp2_common/pico_platform_panic/panic.c.obj
                                 0x12 (size before relaxing)
 .rodata.spin_lock_claim_unused.str1.4
                0x10008dca       0x1b CMakeFiles/retrolink.dir/C_/Users/Cristiano/.pico-sdk/sdk/2.2.0/src/rp2_common/hardware_sync/sync.c.obj
 .rodata.timer_hardware_alarm_claim.str1.4
                0x10008dca       0x22 CMakeFiles/retrolink.dir/C_/Users/Cristiano/.pico-sdk/sdk/2.2.0/src/rp2_common/hardware_timer/timer.c.obj
 .rodata.hard_assertion_failure.str1.4
                0x10008dca        0xc CMakeFiles/retrolink.dir/C_/Users/Cristiano/.pico-sdk/sdk/2.2.0/src/rp2_common/pico_runtime/runtime.c.obj
 .rodata.__wrap_malloc.str1.4
                0x10008dca        0xe CMakeFiles/retrolink.dir/C_/Users/Cristiano/.pico-sdk/sdk/2.2.0/src/rp2_common/pico_malloc/malloc.c.obj
 .rodata.str1.4
                0x10008dca       0x40 CMakeFiles/retrolink.dir/C_/Users/Cristiano/.pico-sdk/sdk/2.2.0/src/rp2_common/pico_standard_binary_info/standard_binary_info.c.obj
 *fill*         0x10008dca        0x2 
 .rodata.__bi_84
                0x10008dcc        0xc CMakeFiles/retrolink.dir/C_/Users/Cristiano/.pico-sdk/sdk/2.2.0/src/rp2_common/pico_standard_binary_info/standard_binary_info.c.obj
 .rodata.__bi_78
                0x10008dd8        0xc CMakeFiles/retrolink.dir/C_/Users/Cristiano/.pico-sdk/sdk/2.2.0/src/rp2_common/pico_standard_binary_info/standard_binary_info.c.obj
 .rodata.__bi_54
                0x10008de4        0xc CMakeFiles/retrolink.dir/C_/Users/Cristiano/.pico-sdk/sdk/2.2.0/src/rp2_common/pico_standard_binary_info/standard_binary_info.c.obj
 .rodata.__bi_48
                0x10008df0        0xc CMakeFiles/retrolink.dir/C_/Users/Cristiano/.pico-sdk/sdk/2.2.0/src/rp2_common/pico_standard_binary_info/standard_binary_info.c.obj
 .rodata.__bi_42
                0x10008dfc        0xc CMakeFiles/retrolink.dir/C_/Users/Cristiano/.pico-sdk/sdk/2.2.0/src/rp2_common/pico_standard_binary_info/standard_binary_info.c.obj
 .rodata.__bi_34
                0x10008e08        0xc CMakeFiles/retrolink.dir/C_/Users/Cristiano/.pico-sdk/sdk/2.2.0/src/rp2_common/pico_standard_binary_info/standard_binary_info.c.obj
 .rodata.__bi_26
                0x10008e14        0xc CMakeFiles/retrolink.dir/C_/Users/Cristiano/.pico-sdk/sdk/2.2.0/src/rp2_common/pico_standard_binary_info/standard_binary_info.c.obj
 .rodata._ftoa.str1.4
                0x10008e20       0x15 CMakeFiles/retrolink.dir/C_/Users/Cristiano/.pico-sdk/sdk/2.2.0/src/rp2_common/pico_printf/printf.c.obj
 .rodata._vsnprintf
                0x10008e20      0x19c CMakeFiles/retrolink.dir/C_/Users/Cristiano/.pico-sdk/sdk/2.2.0/src/rp2_common/pico_printf/printf.c.obj
 *fill*         0x10008fbc        0x4 
 .rodata.pow10.0
                0x10008fc0       0x50 CMakeFiles/retrolink.dir/C_/Users/Cristiano/.pico-sdk/sdk/2.2.0/src/rp2_common/pico_printf/printf.c.obj
 .rodata.crlf_str.0
                0x10009010        0x2 CMakeFiles/retrolink.dir/C_/Users/Cristiano/.pico-sdk/sdk/2.2.0/src/rp2_common/pico_stdio/stdio.c.obj
 .rodata.str1.4
                0x10009012       0x2c CMakeFiles/retrolink.dir/C_/Users/Cristiano/.pico-sdk/sdk/2.2.0/src/rp2_common/pico_stdio_uart/stdio_uart.c.obj
 *fill*         0x10009012        0x2 
 .rodata.__bi_45.4
                0x10009014        0xc CMakeFiles/retrolink.dir/C_/Users/Cristiano/.pico-sdk/sdk/2.2.0/src/rp2_common/pico_stdio_uart/stdio_uart.c.obj
 .rodata.__bi_49.5
                0x10009020        0x8 CMakeFiles/retrolink.dir/C_/Users/Cristiano/.pico-sdk/sdk/2.2.0/src/rp2_common/pico_stdio_uart/stdio_uart.c.obj
 .rodata.__bi_50.6
                0x10009028        0x8 CMakeFiles/retrolink.dir/C_/Users/Cristiano/.pico-sdk/sdk/2.2.0/src/rp2_common/pico_stdio_uart/stdio_uart.c.obj
 .rodata.pio_sm_claim.str1.4
                0x10009030       0x40 CMakeFiles/retrolink.dir/C_/Users/Cristiano/.pico-sdk/sdk/2.2.0/src/rp2_common/hardware_pio/pio.c.obj
 .rodata.process_enumeration
                0x10009030       0x34 CMakeFiles/retrolink.dir/C_/Users/Cristiano/.pico-sdk/sdk/2.2.0/lib/tinyusb/src/host/usbh.c.obj
 .rodata.usbh_class_drivers
                0x10009064       0x38 CMakeFiles/retrolink.dir/C_/Users/Cristiano/.pico-sdk/sdk/2.2.0/lib/tinyusb/src/host/usbh.c.obj
 .rodata        0x1000909c        0x8 CMakeFiles/retrolink.dir/C_/Users/Cristiano/.pico-sdk/sdk/2.2.0/lib/tinyusb/src/host/hub.c.obj
 .rodata.str1.4
                0x100090a4        0x4 CMakeFiles/retrolink.dir/C_/Users/Cristiano/.pico-sdk/sdk/2.2.0/lib/tinyusb/hw/bsp/rp2040/family.c.obj
 .rodata.__bi_153.0
                0x100090a4        0xc CMakeFiles/retrolink.dir/C_/Users/Cristiano/.pico-sdk/sdk/2.2.0/lib/tinyusb/hw/bsp/rp2040/family.c.obj
 .rodata.__bi_163.1
                0x100090b0        0x8 CMakeFiles/retrolink.dir/C_/Users/Cristiano/.pico-sdk/sdk/2.2.0/lib/tinyusb/hw/bsp/rp2040/family.c.obj
 .rodata.usb_nrzi_decoder_debug_program
                0x100090b8        0x8 CMakeFiles/retrolink.dir/C_/Users/Cristiano/OneDrive/Personal/11._Electronics/RetroLink/GitHub/retrolink/third_party/Pico-PIO-USB/src/pio_usb.c.obj
 .rodata.usb_nrzi_decoder_debug_program_instructions
                0x100090c0       0x14 CMakeFiles/retrolink.dir/C_/Users/Cristiano/OneDrive/Personal/11._Electronics/RetroLink/GitHub/retrolink/third_party/Pico-PIO-USB/src/pio_usb.c.obj
 .rodata.usb_nrzi_decoder_program
                0x100090d4        0x8 CMakeFiles/retrolink.dir/C_/Users/Cristiano/OneDrive/Personal/11._Electronics/RetroLink/GitHub/retrolink/third_party/Pico-PIO-USB/src/pio_usb.c.obj
 .rodata.usb_nrzi_decoder_program_instructions
                0x100090dc       0x14 CMakeFiles/retrolink.dir/C_/Users/Cristiano/OneDrive/Personal/11._Electronics/RetroLink/GitHub/retrolink/third_party/Pico-PIO-USB/src/pio_usb.c.obj
 .rodata.usb_edge_detector_debug_program
                0x100090f0        0x8 CMakeFiles/retrolink.dir/C_/Users/Cristiano/OneDrive/Personal/11._Electronics/RetroLink/GitHub/retrolink/third_party/Pico-PIO-USB/src/pio_usb.c.obj
 .rodata.usb_edge_detector_debug_program_instructions
                0x100090f8       0x22 CMakeFiles/retrolink.dir/C_/Users/Cristiano/OneDrive/Personal/11._Electronics/RetroLink/GitHub/retrolink/third_party/Pico-PIO-USB/src/pio_usb.c.obj
 *fill*         0x1000911a        0x2 
 .rodata.usb_edge_detector_program
                0x1000911c        0x8 CMakeFiles/retrolink.dir/C_/Users/Cristiano/OneDrive/Personal/11._Electronics/RetroLink/GitHub/retrolink/third_party/Pico-PIO-USB/src/pio_usb.c.obj
 .rodata.usb_edge_detector_program_instructions
                0x10009124       0x22 CMakeFiles/retrolink.dir/C_/Users/Cristiano/OneDrive/Personal/11._Electronics/RetroLink/GitHub/retrolink/third_party/Pico-PIO-USB/src/pio_usb.c.obj
 .rodata.pio_usb_host_send_setup.str1.4
                0x10009146       0x15 CMakeFiles/retrolink.dir/C_/Users/Cristiano/OneDrive/Personal/11._Electronics/RetroLink/GitHub/retrolink/third_party/Pico-PIO-USB/src/pio_usb_host.c.obj
 .rodata.pio_usb_host_endpoint_transfer.str1.4
                0x10009146       0x15 CMakeFiles/retrolink.dir/C_/Users/Cristiano/OneDrive/Personal/11._Electronics/RetroLink/GitHub/retrolink/third_party/Pico-PIO-USB/src/pio_usb_host.c.obj
 .rodata.dma_channel_claim.str1.4
                0x10009146       0x22 CMakeFiles/retrolink.dir/C_/Users/Cristiano/.pico-sdk/sdk/2.2.0/src/rp2_common/hardware_dma/dma.c.obj
                0x10009168                        . = ALIGN (0x4)
 *fill*         0x10009146        0x2 
 *(SORT_BY_ALIGNMENT(SORT_BY_NAME(.flashdata*)))
                0x10009148                        . = ALIGN (0x4)

.ARM.extab
 *(.ARM.extab* .gnu.linkonce.armextab.*)
                0x10009148                        __exidx_start = .

.ARM.exidx
 *(.ARM.exidx* .gnu.linkonce.armexidx.*)
                0x10009148                        __exidx_end = .
                0x10009148                        . = ALIGN (0x4)
                0x10009148                        __binary_info_start = .

.binary_info    0x10009148       0x30
 *(.binary_info.keep.*)
 .binary_info.keep.__bi_ptr84
                0x10009148        0x4 CMakeFiles/retrolink.dir/C_/Users/Cristiano/.pico-sdk/sdk/2.2.0/src/rp2_common/pico_standard_binary_info/standard_binary_info.c.obj
 .binary_info.keep.__bi_ptr78
                0x1000914c        0x4 CMakeFiles/retrolink.dir/C_/Users/Cristiano/.pico-sdk/sdk/2.2.0/src/rp2_common/pico_standard_binary_info/standard_binary_info.c.obj
 .binary_info.keep.__bi_ptr54
                0x10009150        0x4 CMakeFiles/retrolink.dir/C_/Users/Cristiano/.pico-sdk/sdk/2.2.0/src/rp2_common/pico_standard_binary_info/standard_binary_info.c.obj
 .binary_info.keep.__bi_ptr48
                0x10009154        0x4 CMakeFiles/retrolink.dir/C_/Users/Cristiano/.pico-sdk/sdk/2.2.0/src/rp2_common/pico_standard_binary_info/standard_binary_info.c.obj
 .binary_info.keep.__bi_ptr42
                0x10009158        0x4 CMakeFiles/retrolink.dir/C_/Users/Cristiano/.pico-sdk/sdk/2.2.0/src/rp2_common/pico_standard_binary_info/standard_binary_info.c.obj
 .binary_info.keep.__bi_ptr34
                0x1000915c        0x4 CMakeFiles/retrolink.dir/C_/Users/Cristiano/.pico-sdk/sdk/2.2.0/src/rp2_common/pico_standard_binary_info/standard_binary_info.c.obj
 .binary_info.keep.__bi_ptr26
                0x10009160        0x4 CMakeFiles/retrolink.dir/C_/Users/Cristiano/.pico-sdk/sdk/2.2.0/src/rp2_common/pico_standard_binary_info/standard_binary_info.c.obj
 .binary_info.keep.__bi_ptr163
                0x10009164        0x4 CMakeFiles/retrolink.dir/C_/Users/Cristiano/.pico-sdk/sdk/2.2.0/lib/tinyusb/hw/bsp/rp2040/family.c.obj
 .binary_info.keep.__bi_ptr153
                0x10009168        0x4 CMakeFiles/retrolink.dir/C_/Users/Cristiano/.pico-sdk/sdk/2.2.0/lib/tinyusb/hw/bsp/rp2040/family.c.obj
 *(.binary_info.*)
 .binary_info.__bi_ptr50
                0x1000916c        0x4 CMakeFiles/retrolink.dir/C_/Users/Cristiano/.pico-sdk/sdk/2.2.0/src/rp2_common/pico_stdio_uart/stdio_uart.c.obj
 .binary_info.__bi_ptr49
                0x10009170        0x4 CMakeFiles/retrolink.dir/C_/Users/Cristiano/.pico-sdk/sdk/2.2.0/src/rp2_common/pico_stdio_uart/stdio_uart.c.obj
 .binary_info.__bi_ptr45
                0x10009174        0x4 CMakeFiles/retrolink.dir/C_/Users/Cristiano/.pico-sdk/sdk/2.2.0/src/rp2_common/pico_stdio_uart/stdio_uart.c.obj
                0x10009178                        __binary_info_end = .
                0x10009178                        . = ALIGN (0x4)

.ram_vector_table
                0x20000000       0xc0
 *(.ram_vector_table)
 .ram_vector_table
                0x20000000       0xc0 CMakeFiles/retrolink.dir/C_/Users/Cristiano/.pico-sdk/sdk/2.2.0/src/rp2_common/pico_runtime_init/runtime_init.c.obj
                0x20000000                ram_vector_table

.uninitialized_data
                0x200000c0        0x0
                0x200000c0                        . = ALIGN (0x4)
 *(.uninitialized_data*)

.data           0x200000c0     0x3818 load address 0x10009178
                0x200000c0                        __data_start__ = .
 *(vtable)
 *(.time_critical*)
 .time_critical.mutex_enter_blocking
                0x200000c0       0x44 CMakeFiles/retrolink.dir/C_/Users/Cristiano/.pico-sdk/sdk/2.2.0/src/common/pico_sync/mutex.c.obj
                0x200000c0                mutex_enter_blocking
 .time_critical.mutex_try_enter_block_until
                0x20000104       0x98 CMakeFiles/retrolink.dir/C_/Users/Cristiano/.pico-sdk/sdk/2.2.0/src/common/pico_sync/mutex.c.obj
                0x20000104                mutex_try_enter_block_until
 .time_critical.mutex_enter_timeout_ms
                0x2000019c       0x8c CMakeFiles/retrolink.dir/C_/Users/Cristiano/.pico-sdk/sdk/2.2.0/src/common/pico_sync/mutex.c.obj
                0x2000019c                mutex_enter_timeout_ms
 .time_critical.mutex_exit
                0x20000228       0x28 CMakeFiles/retrolink.dir/C_/Users/Cristiano/.pico-sdk/sdk/2.2.0/src/common/pico_sync/mutex.c.obj
                0x20000228                mutex_exit
 .time_critical.tinyusb
                0x20000250       0x78 CMakeFiles/retrolink.dir/C_/Users/Cristiano/.pico-sdk/sdk/2.2.0/lib/tinyusb/src/host/usbh.c.obj
                0x20000250                hcd_event_handler
 .time_critical.handle_endpoint_irq
                0x200002c8       0x90 CMakeFiles/retrolink.dir/C_/Users/Cristiano/.pico-sdk/sdk/2.2.0/lib/tinyusb/src/portable/raspberrypi/pio_usb/hcd_pio_usb.c.obj
 .time_critical.pio_usb_host_irq_handler
                0x20000358       0x88 CMakeFiles/retrolink.dir/C_/Users/Cristiano/.pico-sdk/sdk/2.2.0/lib/tinyusb/src/portable/raspberrypi/pio_usb/hcd_pio_usb.c.obj
                0x20000358                pio_usb_host_irq_handler
 .time_critical.flash_init_boot2_copyout
                0x200003e0       0x30 CMakeFiles/retrolink.dir/C_/Users/Cristiano/.pico-sdk/sdk/2.2.0/src/rp2_common/hardware_flash/flash.c.obj
 .time_critical.flash_enable_xip_via_boot2
                0x20000410        0xc CMakeFiles/retrolink.dir/C_/Users/Cristiano/.pico-sdk/sdk/2.2.0/src/rp2_common/hardware_flash/flash.c.obj
 .time_critical.flash_save_hardware_state
                0x2000041c       0x20 CMakeFiles/retrolink.dir/C_/Users/Cristiano/.pico-sdk/sdk/2.2.0/src/rp2_common/hardware_flash/flash.c.obj
 .time_critical.flash_restore_hardware_state
                0x2000043c       0x20 CMakeFiles/retrolink.dir/C_/Users/Cristiano/.pico-sdk/sdk/2.2.0/src/rp2_common/hardware_flash/flash.c.obj
 .time_critical.flash_cs_force
                0x2000045c       0x38 CMakeFiles/retrolink.dir/C_/Users/Cristiano/.pico-sdk/sdk/2.2.0/src/rp2_common/hardware_flash/flash.c.obj
 .time_critical.flash_do_cmd
                0x20000494      0x13c CMakeFiles/retrolink.dir/C_/Users/Cristiano/.pico-sdk/sdk/2.2.0/src/rp2_common/hardware_flash/flash.c.obj
                0x20000494                flash_do_cmd
 .time_critical.usb_tx_configure_pins
                0x200005d0       0x84 CMakeFiles/retrolink.dir/C_/Users/Cristiano/OneDrive/Personal/11._Electronics/RetroLink/GitHub/retrolink/third_party/Pico-PIO-USB/src/pio_usb.c.obj
 .time_critical.send_pre
                0x20000654      0x114 CMakeFiles/retrolink.dir/C_/Users/Cristiano/OneDrive/Personal/11._Electronics/RetroLink/GitHub/retrolink/third_party/Pico-PIO-USB/src/pio_usb.c.obj
 .time_critical.pio_usb_ll_encode_tx_data
                0x20000768     0x1054 CMakeFiles/retrolink.dir/C_/Users/Cristiano/OneDrive/Personal/11._Electronics/RetroLink/GitHub/retrolink/third_party/Pico-PIO-USB/src/pio_usb.c.obj
                0x2000123c                pio_usb_ll_encode_tx_data
 .time_critical.initialize_host_programs
                0x200017bc      0x5a4 CMakeFiles/retrolink.dir/C_/Users/Cristiano/OneDrive/Personal/11._Electronics/RetroLink/GitHub/retrolink/third_party/Pico-PIO-USB/src/pio_usb.c.obj
 .time_critical.pio_usb_bus_usb_transfer
                0x20001d60       0x90 CMakeFiles/retrolink.dir/C_/Users/Cristiano/OneDrive/Personal/11._Electronics/RetroLink/GitHub/retrolink/third_party/Pico-PIO-USB/src/pio_usb.c.obj
                0x20001d60                pio_usb_bus_usb_transfer
 .time_critical.pio_usb_bus_send_token
                0x20001df0       0xc8 CMakeFiles/retrolink.dir/C_/Users/Cristiano/OneDrive/Personal/11._Electronics/RetroLink/GitHub/retrolink/third_party/Pico-PIO-USB/src/pio_usb.c.obj
                0x20001df0                pio_usb_bus_send_token
 .time_critical.pio_usb_bus_prepare_receive
                0x20001eb8       0x58 CMakeFiles/retrolink.dir/C_/Users/Cristiano/OneDrive/Personal/11._Electronics/RetroLink/GitHub/retrolink/third_party/Pico-PIO-USB/src/pio_usb.c.obj
                0x20001eb8                pio_usb_bus_prepare_receive
 .time_critical.pio_usb_bus_wait_handshake
                0x20001f10       0xdc CMakeFiles/retrolink.dir/C_/Users/Cristiano/OneDrive/Personal/11._Electronics/RetroLink/GitHub/retrolink/third_party/Pico-PIO-USB/src/pio_usb.c.obj
                0x20001f10                pio_usb_bus_wait_handshake
 .time_critical.pio_usb_bus_receive_packet_and_handshake
                0x20001fec      0x2c0 CMakeFiles/retrolink.dir/C_/Users/Cristiano/OneDrive/Personal/11._Electronics/RetroLink/GitHub/retrolink/third_party/Pico-PIO-USB/src/pio_usb.c.obj
                0x20001fec                pio_usb_bus_receive_packet_and_handshake
 .time_critical.pio_usb_ll_configure_endpoint
                0x200022ac       0x20 CMakeFiles/retrolink.dir/C_/Users/Cristiano/OneDrive/Personal/11._Electronics/RetroLink/GitHub/retrolink/third_party/Pico-PIO-USB/src/pio_usb.c.obj
                0x200022ac                pio_usb_ll_configure_endpoint
 .time_critical.pio_usb_ll_transfer_start
                0x200022cc       0x94 CMakeFiles/retrolink.dir/C_/Users/Cristiano/OneDrive/Personal/11._Electronics/RetroLink/GitHub/retrolink/third_party/Pico-PIO-USB/src/pio_usb.c.obj
                0x200022cc                pio_usb_ll_transfer_start
 .time_critical.pio_usb_ll_transfer_complete
                0x20002360       0x60 CMakeFiles/retrolink.dir/C_/Users/Cristiano/OneDrive/Personal/11._Electronics/RetroLink/GitHub/retrolink/third_party/Pico-PIO-USB/src/pio_usb.c.obj
                0x20002360                pio_usb_ll_transfer_complete
 .time_critical.pio_usb_ll_transfer_continue
                0x200023c0       0x9c CMakeFiles/retrolink.dir/C_/Users/Cristiano/OneDrive/Personal/11._Electronics/RetroLink/GitHub/retrolink/third_party/Pico-PIO-USB/src/pio_usb.c.obj
                0x200023c0                pio_usb_ll_transfer_continue
 .time_critical.tx_program
                0x2000245c       0x4e CMakeFiles/retrolink.dir/C_/Users/Cristiano/OneDrive/Personal/11._Electronics/RetroLink/GitHub/retrolink/third_party/Pico-PIO-USB/src/pio_usb.c.obj
 *fill*         0x200024aa        0x2 
 .time_critical.usb_tx_configure_pins
                0x200024ac       0x84 CMakeFiles/retrolink.dir/C_/Users/Cristiano/OneDrive/Personal/11._Electronics/RetroLink/GitHub/retrolink/third_party/Pico-PIO-USB/src/pio_usb_host.c.obj
 .time_critical.connection_check
                0x20002530       0xdc CMakeFiles/retrolink.dir/C_/Users/Cristiano/OneDrive/Personal/11._Electronics/RetroLink/GitHub/retrolink/third_party/Pico-PIO-USB/src/pio_usb_host.c.obj
 .time_critical.restore_fs_bus
                0x2000260c       0xc0 CMakeFiles/retrolink.dir/C_/Users/Cristiano/OneDrive/Personal/11._Electronics/RetroLink/GitHub/retrolink/third_party/Pico-PIO-USB/src/pio_usb_host.c.obj
 .time_critical.configure_tx_program
                0x200026cc       0x34 CMakeFiles/retrolink.dir/C_/Users/Cristiano/OneDrive/Personal/11._Electronics/RetroLink/GitHub/retrolink/third_party/Pico-PIO-USB/src/pio_usb_host.c.obj
 .time_critical.usb_out_transaction
                0x20002700       0xd4 CMakeFiles/retrolink.dir/C_/Users/Cristiano/OneDrive/Personal/11._Electronics/RetroLink/GitHub/retrolink/third_party/Pico-PIO-USB/src/pio_usb_host.c.obj
 .time_critical.usb_in_transaction
                0x200027d4       0xd8 CMakeFiles/retrolink.dir/C_/Users/Cristiano/OneDrive/Personal/11._Electronics/RetroLink/GitHub/retrolink/third_party/Pico-PIO-USB/src/pio_usb_host.c.obj
 .time_critical.usb_setup_transaction
                0x200028ac       0x90 CMakeFiles/retrolink.dir/C_/Users/Cristiano/OneDrive/Personal/11._Electronics/RetroLink/GitHub/retrolink/third_party/Pico-PIO-USB/src/pio_usb_host.c.obj
 .time_critical.override_pio_program
                0x2000293c       0x28 CMakeFiles/retrolink.dir/C_/Users/Cristiano/OneDrive/Personal/11._Electronics/RetroLink/GitHub/retrolink/third_party/Pico-PIO-USB/src/pio_usb_host.c.obj
 .time_critical.configure_fullspeed_host
                0x20002964      0x108 CMakeFiles/retrolink.dir/C_/Users/Cristiano/OneDrive/Personal/11._Electronics/RetroLink/GitHub/retrolink/third_party/Pico-PIO-USB/src/pio_usb_host.c.obj
 .time_critical.configure_lowspeed_host
                0x20002a6c      0x108 CMakeFiles/retrolink.dir/C_/Users/Cristiano/OneDrive/Personal/11._Electronics/RetroLink/GitHub/retrolink/third_party/Pico-PIO-USB/src/pio_usb_host.c.obj
 .time_critical.configure_root_port
                0x20002b74       0x14 CMakeFiles/retrolink.dir/C_/Users/Cristiano/OneDrive/Personal/11._Electronics/RetroLink/GitHub/retrolink/third_party/Pico-PIO-USB/src/pio_usb_host.c.obj
 .time_critical.pio_usb_host_frame
                0x20002b88      0x2bc CMakeFiles/retrolink.dir/C_/Users/Cristiano/OneDrive/Personal/11._Electronics/RetroLink/GitHub/retrolink/third_party/Pico-PIO-USB/src/pio_usb_host.c.obj
                0x20002b88                pio_usb_host_frame
 .time_critical.sof_timer
                0x20002e44        0xc CMakeFiles/retrolink.dir/C_/Users/Cristiano/OneDrive/Personal/11._Electronics/RetroLink/GitHub/retrolink/third_party/Pico-PIO-USB/src/pio_usb_host.c.obj
 .time_critical.tx_program
                0x20002e50       0x4e CMakeFiles/retrolink.dir/C_/Users/Cristiano/OneDrive/Personal/11._Electronics/RetroLink/GitHub/retrolink/third_party/Pico-PIO-USB/src/pio_usb_host.c.obj
 *fill*         0x20002e9e        0x2 
 .time_critical.calc_usb_crc5
                0x20002ea0       0x2c CMakeFiles/retrolink.dir/C_/Users/Cristiano/OneDrive/Personal/11._Electronics/RetroLink/GitHub/retrolink/third_party/Pico-PIO-USB/src/usb_crc.c.obj
                0x20002ea0                calc_usb_crc5
 .time_critical.calc_usb_crc16
                0x20002ecc       0x34 CMakeFiles/retrolink.dir/C_/Users/Cristiano/OneDrive/Personal/11._Electronics/RetroLink/GitHub/retrolink/third_party/Pico-PIO-USB/src/usb_crc.c.obj
                0x20002ecc                calc_usb_crc16
 .time_critical.crc_tbl
                0x20002f00      0x200 CMakeFiles/retrolink.dir/C_/Users/Cristiano/OneDrive/Personal/11._Electronics/RetroLink/GitHub/retrolink/third_party/Pico-PIO-USB/src/usb_crc.c.obj
                0x20002f00                crc16_tbl
 .time_critical.crc5_tbl
                0x20003100       0x20 CMakeFiles/retrolink.dir/C_/Users/Cristiano/OneDrive/Personal/11._Electronics/RetroLink/GitHub/retrolink/third_party/Pico-PIO-USB/src/usb_crc.c.obj
                0x20003100                crc5_tbl
 *(.text*)
 .text          0x20003120        0x4 C:/Users/Cristiano/.pico-sdk/toolchain/14_2_Rel1/bin/../lib/gcc/arm-none-eabi/14.2.1/thumb/v6-m/nofp\libgcc.a(_dvmd_tls.o)
                0x20003120                __aeabi_idiv0
                0x20003120                __aeabi_ldiv0
 *fill*         0x20003124        0x4 
 .text.__stub   0x20003128      0x170 linker stubs
                0x20003298                        . = ALIGN (0x4)
 *(.rodata*)
                0x20003298                        . = ALIGN (0x4)
 *(.data*)
 .data.striped_spin_lock_num
                0x20003298        0x1 CMakeFiles/retrolink.dir/C_/Users/Cristiano/.pico-sdk/sdk/2.2.0/src/rp2_common/hardware_sync/sync.c.obj
 *fill*         0x20003299        0x3 
 .data          0x2000329c       0x48 CMakeFiles/retrolink.dir/C_/Users/Cristiano/.pico-sdk/sdk/2.2.0/src/rp2_common/hardware_irq/irq_handler_chain.S.obj
                0x2000329c                irq_handler_chain_slots
                0x200032cc                irq_handler_chain_first_slot
                0x200032d6                irq_handler_chain_remove_tail
 .data.default_alarm_pool
                0x200032e4       0x18 CMakeFiles/retrolink.dir/C_/Users/Cristiano/.pico-sdk/sdk/2.2.0/src/common/pico_time/time.c.obj
 *fill*         0x200032fc        0x4 
 .data.aeabi_bits_funcs
                0x20003300       0x10 CMakeFiles/retrolink.dir/C_/Users/Cristiano/.pico-sdk/sdk/2.2.0/src/rp2_common/pico_bit_ops/bit_ops_aeabi.S.obj
                0x20003300                aeabi_bits_funcs
                0x20003310                aeabi_bits_funcs_end
 .data.aeabi_mem_funcs
                0x20003310       0x10 CMakeFiles/retrolink.dir/C_/Users/Cristiano/.pico-sdk/sdk/2.2.0/src/rp2_common/pico_mem_ops/mem_ops_aeabi.S.obj
                0x20003310                aeabi_mem_funcs
                0x20003320                aeabi_mem_funcs_end
 .data.stdio_uart
                0x20003320       0x18 CMakeFiles/retrolink.dir/C_/Users/Cristiano/.pico-sdk/sdk/2.2.0/src/rp2_common/pico_stdio_uart/stdio_uart.c.obj
                0x20003320                stdio_uart
 .data._usbh_qdef
                0x20003338       0x1c CMakeFiles/retrolink.dir/C_/Users/Cristiano/.pico-sdk/sdk/2.2.0/lib/tinyusb/src/host/usbh.c.obj
                0x20003338                _usbh_qdef
 .data._usbh_controller
                0x20003354        0x1 CMakeFiles/retrolink.dir/C_/Users/Cristiano/.pico-sdk/sdk/2.2.0/lib/tinyusb/src/host/usbh.c.obj
 *fill*         0x20003355        0x3 
 .data.pio_host_cfg
                0x20003358       0x10 CMakeFiles/retrolink.dir/C_/Users/Cristiano/.pico-sdk/sdk/2.2.0/lib/tinyusb/src/portable/raspberrypi/pio_usb/hcd_pio_usb.c.obj
 .data.sof_packet
                0x20003368        0x4 CMakeFiles/retrolink.dir/C_/Users/Cristiano/OneDrive/Personal/11._Electronics/RetroLink/GitHub/retrolink/third_party/Pico-PIO-USB/src/pio_usb_host.c.obj
 .data.__malloc_sbrk_base
                0x2000336c        0x4 C:/Users/Cristiano/.pico-sdk/toolchain/14_2_Rel1/bin/../lib/gcc/arm-none-eabi/14.2.1/thumb/v6-m/nofp\libg.a(libc_a-mallocr.o)
                0x2000336c                __malloc_sbrk_base
 .data.__malloc_trim_threshold
                0x20003370        0x4 C:/Users/Cristiano/.pico-sdk/toolchain/14_2_Rel1/bin/../lib/gcc/arm-none-eabi/14.2.1/thumb/v6-m/nofp\libg.a(libc_a-mallocr.o)
                0x20003370                __malloc_trim_threshold
 *fill*         0x20003374        0x4 
 .data.__malloc_av_
                0x20003378      0x408 C:/Users/Cristiano/.pico-sdk/toolchain/14_2_Rel1/bin/../lib/gcc/arm-none-eabi/14.2.1/thumb/v6-m/nofp\libg.a(libc_a-mallocr.o)
                0x20003378                __malloc_av_
 .data._impure_ptr
                0x20003780        0x4 C:/Users/Cristiano/.pico-sdk/toolchain/14_2_Rel1/bin/../lib/gcc/arm-none-eabi/14.2.1/thumb/v6-m/nofp\libg.a(libc_a-impure.o)
                0x20003780                _impure_ptr
 *fill*         0x20003784        0x4 
 .data._impure_data
                0x20003788      0x140 C:/Users/Cristiano/.pico-sdk/toolchain/14_2_Rel1/bin/../lib/gcc/arm-none-eabi/14.2.1/thumb/v6-m/nofp\libg.a(libc_a-impure.o)
                0x20003788                _impure_data
                0x200038c8                        . = ALIGN (0x4)
 *(.after_data.*)
                0x200038c8                        . = ALIGN (0x4)
                0x200038c8                        PROVIDE (__mutex_array_start = .)
 *(SORT_BY_NAME(.mutex_array.*))
 *(.mutex_array)
 .mutex_array   0x200038c8        0x8 CMakeFiles/retrolink.dir/C_/Users/Cristiano/.pico-sdk/sdk/2.2.0/src/rp2_common/pico_malloc/malloc.c.obj
 .mutex_array   0x200038d0        0x8 CMakeFiles/retrolink.dir/C_/Users/Cristiano/.pico-sdk/sdk/2.2.0/src/rp2_common/pico_stdio/stdio.c.obj
                0x200038d8                        PROVIDE (__mutex_array_end = .)
                0x200038d8                        . = ALIGN (0x4)
 *(.jcr)
                0x200038d8                        . = ALIGN (0x4)

.tm_clone_table
                0x200038d8        0x0 load address 0x1000c990
 .tm_clone_table
                0x200038d8        0x0 C:/Users/Cristiano/.pico-sdk/toolchain/14_2_Rel1/bin/../lib/gcc/arm-none-eabi/14.2.1/thumb/v6-m/nofp/crtbegin.o
 .tm_clone_table
                0x200038d8        0x0 C:/Users/Cristiano/.pico-sdk/toolchain/14_2_Rel1/bin/../lib/gcc/arm-none-eabi/14.2.1/thumb/v6-m/nofp/crtend.o

.igot.plt       0x200038d8        0x0 load address 0x1000c990
 .igot.plt      0x200038d8        0x0 C:/Users/Cristiano/.pico-sdk/toolchain/14_2_Rel1/bin/../lib/gcc/arm-none-eabi/14.2.1/thumb/v6-m/nofp/crtbegin.o

.tdata          0x200038d8        0x0 load address 0x1000c990
                0x200038d8                        . = ALIGN (0x4)
 *(.tdata .tdata.* .gnu.linkonce.td.*)
                0x200038d8                        __tdata_end = .
                0x200038d8                        PROVIDE (__data_end__ = .)
                0x10009178                        __etext = LOADADDR (.data)

.tbss           0x200038d8        0x0 load address 0x1000c990
                0x200038d8                        . = ALIGN (0x4)
                0x200038d8                        __bss_start__ = .
                0x200038d8                        __tls_base = .
 *(.tbss .tbss.* .gnu.linkonce.tb.*)
 *(.tcommon)
                0x200038d8                        __tls_end = .

.bss            0x200038d8     0x2860 load address 0x1000c990
                0x200038d8                        . = ALIGN (0x4)
                0x200038d8                        __tbss_end = .
 *(SORT_BY_ALIGNMENT(SORT_BY_NAME(.bss*)))
 .bss._hidh_itf